 Memcheck, a memory error detector
 Copyright (C) 2002-2009, and GNU GPL'd, by Julian Seward et al.
 Using Valgrind-3.5.0 and LibVEX; rerun with -h for copyright info
 Command: sclwsServer -l 0 -v 3
 Parent PID: 18101
 
 
 Valgrind options:
    --run-libc-freeres=no
    -v
    --num-callers=12
    --freelist-vol=500000000
    --suppressions=./custom_suppressions.txt
    --log-file=./vg_memcheck.log
    --leak-check=full
    --show-reachable=yes
 Contents of /proc/version:
   Linux version 2.6.32-4-pve (unknown) (root@oahu) (gcc version 4.3.2 (Debian 4.3.2-1.1) ) #1 SMP Mon May 9 12:59:57 CEST 2011
 Arch and hwcaps: AMD64, amd64-sse3-cx16
 Page sizes: currently 4096, max supported 4096
 Valgrind library directory: /usr/lib64/valgrind
 Reading syms from /home/users/bourgesl/dev/SCALIB/DEVELOPMENT/sclws/bin/sclwsServer (0x400000)
 Reading syms from /lib64/ld-2.5.so (0x4000000)
 Reading syms from /usr/lib64/valgrind/memcheck-amd64-linux (0x38000000)
    object doesn't have a dynamic symbol table
 Reading suppressions file: ./custom_suppressions.txt
 Reading suppressions file: /usr/lib64/valgrind/default.supp
 REDIR: 0x4014550 (strlen) redirected to 0x3803e767 (vgPlain_amd64_linux_REDIR_FOR_strlen)
 Reading syms from /usr/lib64/valgrind/vgpreload_core-amd64-linux.so (0x4a1d000)
 Reading syms from /usr/lib64/valgrind/vgpreload_memcheck-amd64-linux.so (0x4c1e000)
 WARNING: new redirection conflicts with existing -- ignoring it
     new: 0x04014550 (strlen              ) R-> 0x04c21dc0 strlen
 REDIR: 0x4014370 (index) redirected to 0x4c21c30 (index)
 REDIR: 0x4014520 (strcmp) redirected to 0x4c21e90 (strcmp)
 Reading syms from /usr/lib64/libgdome.so.0.8.1 (0x4e25000)
    object doesn't have a symbol table
 Reading syms from /lib64/libm-2.5.so (0x5063000)
 Reading syms from /usr/lib64/libxml2.so.2.6.26 (0x52e6000)
    object doesn't have a symbol table
 Reading syms from /lib64/libglib-2.0.so.0.1200.3 (0x5623000)
    object doesn't have a symbol table
 Reading syms from /usr/lib64/libstdc++.so.6.0.8 (0x58c1000)
    object doesn't have a symbol table
 Reading syms from /lib64/libpthread-2.5.so (0x5bc1000)
 Reading syms from /lib64/libuuid.so.1.2 (0x5ddc000)
    object doesn't have a symbol table
 Reading syms from /home/users/bourgesl/dev/SCALIB/DEVELOPMENT/sclws/lib/libsclws.so (0x5fe0000)
 Reading syms from /home/users/bourgesl/INTROOT/lib/libsclsvr.so (0x61fb000)
 Reading syms from /home/users/bourgesl/INTROOT/lib/libvobs.so (0x642a000)
 Reading syms from /home/users/bourgesl/INTROOT/lib/libalx.so (0x6668000)
 Reading syms from /home/users/bourgesl/INTROOT/lib/libsimcli.so (0x689d000)
 Reading syms from /home/users/bourgesl/INTROOT/lib/libthrd.so (0x6aa5000)
 Reading syms from /home/users/bourgesl/INTROOT/lib/libmcs.so (0x6caa000)
 Reading syms from /home/users/bourgesl/INTROOT/lib/liblog.so (0x6eac000)
 Reading syms from /home/users/bourgesl/INTROOT/lib/liberr.so (0x70b0000)
 Reading syms from /home/users/bourgesl/INTROOT/lib/libmisc.so (0x72b6000)
 Reading syms from /home/users/bourgesl/INTROOT/lib/libtimlog.so (0x74be000)
 Reading syms from /home/MCS/DEVELOPMENT/lib/libfnd.so (0x76c0000)
 Reading syms from /home/users/bourgesl/INTROOT/lib/libmisco.so (0x78c2000)
 Reading syms from /home/users/bourgesl/INTROOT/lib/libenv.so (0x7ac9000)
 Reading syms from /home/users/bourgesl/INTROOT/lib/libcmd.so (0x7cce000)
 Reading syms from /home/users/bourgesl/INTROOT/lib/libmsg.so (0x7edd000)
 Reading syms from /home/users/bourgesl/INTROOT/lib/libsdb.so (0x80ee000)
 Reading syms from /home/users/bourgesl/INTROOT/lib/libevh.so (0x82f1000)
 Reading syms from /home/MCS/DEVELOPMENT/lib/libgwt.so (0x850d000)
 Reading syms from /lib64/libgcc_s-4.1.2-20080825.so.1 (0x8735000)
    object doesn't have a symbol table
 Reading syms from /lib64/libc-2.5.so (0x8943000)
 Reading syms from /lib64/libdl-2.5.so (0x8c9a000)
 Reading syms from /usr/lib64/libz.so.1.2.3 (0x8e9e000)
    object doesn't have a symbol table
 Reading syms from /lib64/librt-2.5.so (0x90b2000)
 REDIR: 0x89bdcb0 (memset) redirected to 0x4c22030 (memset)
 REDIR: 0x89bf0f0 (memcpy) redirected to 0x4c23030 (memcpy)
 REDIR: 0x89bcdf0 (rindex) redirected to 0x4c21ae0 (rindex)
 REDIR: 0x89bca00 (strlen) redirected to 0x4c21d80 (strlen)
 REDIR: 0x89b7890 (calloc) redirected to 0x4c20092 (calloc)
 REDIR: 0x597e1c0 (operator new(unsigned long)) redirected to 0x4c215ea (operator new(unsigned long))
 REDIR: 0x597cf50 (operator delete(void*)) redirected to 0x4c206bc (operator delete(void*))
 REDIR: 0x89b4a40 (mallopt) redirected to 0x4c1fb90 (mallopt)
 REDIR: 0x89bcd40 (strncpy) redirected to 0x4c231a0 (strncpy)
 REDIR: 0x89bcc80 (strncmp) redirected to 0x4c21de0 (strncmp)
 REDIR: 0x89bc4c0 (strcpy) redirected to 0x4c232c0 (strcpy)
 REDIR: 0x89b7c70 (malloc) redirected to 0x4c20d9a (malloc)
 REDIR: 0x89bfd50 (rawmemchr) redirected to 0x4c22110 (rawmemchr)
 REDIR: 0xffffffffff600000 (???) redirected to 0x3803e753 (vgPlain_amd64_linux_REDIR_FOR_vgettimeofday)
 REDIR: 0x89b5720 (free) redirected to 0x4c209aa (free)
 REDIR: 0x89bc480 (strcmp) redirected to 0x4c21e50 (strcmp)
 REDIR: 0x89be7e0 (mempcpy) redirected to 0x4c22870 (mempcpy)
 REDIR: 0x89bcbe0 (strncat) redirected to 0x4c21c60 (strncat)
 REDIR: 0x89bc2d0 (index) redirected to 0x4c21b70 (index)
 REDIR: 0x89bdb10 (memmove) redirected to 0x4c22080 (memmove)
 REDIR: 0x89b4420 (malloc_trim) redirected to 0x4c1fb9b (malloc_trim)
 REDIR: 0x89b4000 (malloc_stats) redirected to 0x4c1fba6 (malloc_stats)
 REDIR: 0x89bc110 (strcat) redirected to 0x4c22590 (strcat)
 REDIR: 0x89b8190 (realloc) redirected to 0x4c20e4b (realloc)
 REDIR: 0x89bd4f0 (memchr) redirected to 0x4c21f10 (memchr)
 REDIR: 0x597e2f0 (operator new[](unsigned long)) redirected to 0x4c21246 (operator new[](unsigned long))
 REDIR: 0x597cf90 (operator delete[](void*)) redirected to 0x4c20338 (operator delete[](void*))
 
 HEAP SUMMARY:
     in use at exit: 3,370 bytes in 15 blocks
   total heap usage: 2,181,825 allocs, 2,181,810 frees, 151,104,230 bytes allocated
 
 Searching for pointers to 15 not-freed blocks
 Checked 33,645,992 bytes
 
 15 bytes in 1 blocks are still reachable in loss record 1 of 8
    at 0x4C20E1C: malloc (vg_replace_malloc.c:195)
    by 0x89BC771: strdup (in /lib64/libc-2.5.so)
    by 0x89CF89B: tzset_internal (in /lib64/libc-2.5.so)
    by 0x89D034F: tzset (in /lib64/libc-2.5.so)
    by 0x89D4C73: strftime_l (in /lib64/libc-2.5.so)
    by 0x6EAD441: logGetTimeStamp (log.c:893)
    by 0x6EADC4F: logPrint (log.c:625)
    by 0x403CA9: sclwsStats() (sclwsServer.cpp:290)
    by 0x4046F4: sclwsExit(int) (sclwsServer.cpp:584)
    by 0x4047CF: sclwsSignalHandler(int) (sclwsServer.cpp:646)
    by 0x89732CF: ??? (in /lib64/libc-2.5.so)
    by 0x5BCEB38: ??? (in /lib64/libpthread-2.5.so)
 
 21 bytes in 1 blocks are possibly lost in loss record 2 of 8
    at 0x4C20E1C: malloc (vg_replace_malloc.c:195)
    by 0x89CF783: __tzstring (in /lib64/libc-2.5.so)
    by 0x89D11BF: __tzfile_read (in /lib64/libc-2.5.so)
    by 0x89CF8AE: tzset_internal (in /lib64/libc-2.5.so)
    by 0x89D017D: __tz_convert (in /lib64/libc-2.5.so)
    by 0x6EAD42A: logGetTimeStamp (log.c:892)
    by 0x6EADC4F: logPrint (log.c:625)
    by 0x404836: sclwsInit() (sclwsServer.cpp:603)
    by 0x404B2F: main (sclwsServer.cpp:701)
 
 44 bytes in 1 blocks are still reachable in loss record 3 of 8
    at 0x4C20E1C: malloc (vg_replace_malloc.c:195)
    by 0x72BB607: miscDuplicateString (miscString.c:370)
    by 0x644A44E: vobsGetVizierURI() (vobsREMOTE_CATALOG.cpp:95)
    by 0x404845: sclwsInit() (sclwsServer.cpp:612)
    by 0x404B2F: main (sclwsServer.cpp:701)
 
 56 bytes in 1 blocks are still reachable in loss record 4 of 8
    at 0x4C20E1C: malloc (vg_replace_malloc.c:195)
    by 0x400BA06: _dl_map_object_deps (in /lib64/ld-2.5.so)
    by 0x4010C14: dl_open_worker (in /lib64/ld-2.5.so)
    by 0x400CE05: _dl_catch_error (in /lib64/ld-2.5.so)
    by 0x40105BB: _dl_open (in /lib64/ld-2.5.so)
    by 0x8A4BDEF: do_dlopen (in /lib64/libc-2.5.so)
    by 0x400CE05: _dl_catch_error (in /lib64/ld-2.5.so)
    by 0x8A4BF56: __libc_dlopen_mode (in /lib64/libc-2.5.so)
    by 0x5BD01DB: pthread_cancel_init (in /lib64/libpthread-2.5.so)
    by 0x5BD02EF: _Unwind_ForcedUnwind (in /lib64/libpthread-2.5.so)
    by 0x5BCE15F: __pthread_unwind (in /lib64/libpthread-2.5.so)
    by 0x5BC8984: pthread_exit (in /lib64/libpthread-2.5.so)
 
 122 bytes in 6 blocks are still reachable in loss record 5 of 8
    at 0x4C20E1C: malloc (vg_replace_malloc.c:195)
    by 0x89CF783: __tzstring (in /lib64/libc-2.5.so)
    by 0x89D11BF: __tzfile_read (in /lib64/libc-2.5.so)
    by 0x89CF8AE: tzset_internal (in /lib64/libc-2.5.so)
    by 0x89D017D: __tz_convert (in /lib64/libc-2.5.so)
    by 0x6EAD42A: logGetTimeStamp (log.c:892)
    by 0x6EADC4F: logPrint (log.c:625)
    by 0x404836: sclwsInit() (sclwsServer.cpp:603)
    by 0x404B2F: main (sclwsServer.cpp:701)
 
 304 bytes in 1 blocks are possibly lost in loss record 6 of 8
    at 0x4C20140: calloc (vg_replace_malloc.c:418)
    by 0x400FE62: _dl_allocate_tls (in /lib64/ld-2.5.so)
    by 0x5BC7EB8: pthread_create@@GLIBC_2.2.5 (in /lib64/libpthread-2.5.so)
    by 0x404871: sclwsInit() (sclwsServer.cpp:620)
    by 0x404B2F: main (sclwsServer.cpp:701)
 
 912 bytes in 3 blocks are possibly lost in loss record 7 of 8
    at 0x4C20140: calloc (vg_replace_malloc.c:418)
    by 0x400FE62: _dl_allocate_tls (in /lib64/ld-2.5.so)
    by 0x5BC7EB8: pthread_create@@GLIBC_2.2.5 (in /lib64/libpthread-2.5.so)
    by 0x404C9B: main (sclwsServer.cpp:751)
 
 1,896 bytes in 1 blocks are still reachable in loss record 8 of 8
    at 0x4C20E1C: malloc (vg_replace_malloc.c:195)
    by 0x89D0C05: __tzfile_read (in /lib64/libc-2.5.so)
    by 0x89CF8AE: tzset_internal (in /lib64/libc-2.5.so)
    by 0x89D017D: __tz_convert (in /lib64/libc-2.5.so)
    by 0x6EAD42A: logGetTimeStamp (log.c:892)
    by 0x6EADC4F: logPrint (log.c:625)
    by 0x404836: sclwsInit() (sclwsServer.cpp:603)
    by 0x404B2F: main (sclwsServer.cpp:701)
 
 LEAK SUMMARY:
    definitely lost: 0 bytes in 0 blocks
    indirectly lost: 0 bytes in 0 blocks
      possibly lost: 1,237 bytes in 5 blocks
    still reachable: 2,133 bytes in 10 blocks
         suppressed: 0 bytes in 0 blocks
 
 ERROR SUMMARY: 3 errors from 3 contexts (suppressed: 12838 from 97)
 
 used_suppression:  11592 pow__memcheck_ignore
 used_suppression:   1242 ieee754_pow__memcheck_ignore
 used_suppression:      4 dl-hack3
 
 ERROR SUMMARY: 3 errors from 3 contexts (suppressed: 12838 from 97)
