1 - unknown -    alx - Info  - Starting...
1 - alxTestGalacticCoordinates -    alx - Test  - -------------------------------------------------------
1 - 
1 - alxTestGalacticCoordinates -    alx - Test  - Star Name : North Pole
1 - 
1 - alxTestGalacticCoordinates -    alx - Test  - RA/DEC - GLat/GLong = 0.000000 / 1.570796 radians - 27.130 / 122.930 degrees
1 - alxTestGalacticCoordinates -    alx - Test  - -------------------------------------------------------
1 - 
1 - alxTestGalacticCoordinates -    alx - Test  - Star Name : Kap Sco
1 - 
1 - alxTestGalacticCoordinates -    alx - Test  - RA/DEC - GLat/GLong = 4.635980 / -0.681202 radians - -4.720 / 351.042 degrees
1 - alxTestGalacticCoordinates -    alx - Test  - -------------------------------------------------------
1 - 
1 - alxTestGalacticCoordinates -    alx - Test  - Star Name : Alf Aur
1 - 
1 - alxTestGalacticCoordinates -    alx - Test  - RA/DEC - GLat/GLong = 1.381821 / 0.802817 radians - 4.568 / 162.587 degrees
1 - alxTestGalacticCoordinates -    alx - Test  - -------------------------------------------------------
1 - 
1 - alxTestGalacticCoordinates -    alx - Test  - Star Name : Alf Cru
1 - 
1 - alxTestGalacticCoordinates -    alx - Test  - RA/DEC - GLat/GLong = 3.257650 / -1.101287 radians - -0.365 / 300.124 degrees
1 - alxTestGalacticCoordinates -    alx - Test  - -------------------------------------------------------
1 - 
1 - alxTestGalacticCoordinates -    alx - Test  - Star Name : Del Ori
1 - 
1 - alxTestGalacticCoordinates -    alx - Test  - RA/DEC - GLat/GLong = 1.448652 / -0.005220 radians - -17.740 / 203.853 degrees
1 - alxTestGalacticCoordinates -    alx - Test  - -------------------------------------------------------
1 - 
1 - alxTestGalacticCoordinates -    alx - Test  - Star Name : Alf Umi
1 - 
1 - alxTestGalacticCoordinates -    alx - Test  - RA/DEC - GLat/GLong = 0.662432 / 1.557953 radians - 26.463 / 123.279 degrees
1 - alxTestGalacticCoordinates -    alx - Test  - -------------------------------------------------------
1 - 
1 - alxTestGalacticCoordinates -    alx - Test  - Star Name : Lam Vel
1 - 
1 - alxTestGalacticCoordinates -    alx - Test  - RA/DEC - GLat/GLong = 2.391087 / -0.758042 radians - 2.820 / 265.933 degrees
1 - alxTestGalacticCoordinates -    alx - Test  - -------------------------------------------------------
1 - 
1 - alxTestGalacticCoordinates -    alx - Test  - Star Name : Tet Sco
1 - 
1 - alxTestGalacticCoordinates -    alx - Test  - RA/DEC - GLat/GLong = 4.613422 / -0.750454 radians - -5.977 / 347.137 degrees
1 - alxTestGalacticCoordinates -    alx - Test  - -------------------------------------------------------
1 - 
1 - alxTestGalacticCoordinates -    alx - Test  - Star Name : Alf Phe
1 - 
1 - alxTestGalacticCoordinates -    alx - Test  - RA/DEC - GLat/GLong = 0.114683 / -0.738379 radians - -73.980 / 320.001 degrees
1 - alxTestGalacticCoordinates -    alx - Test  - -------------------------------------------------------
1 - 
1 - alxTestGalacticCoordinates -    alx - Test  - Star Name : Psi UMa
1 - 
1 - alxTestGalacticCoordinates -    alx - Test  - RA/DEC - GLat/GLong = 2.921958 / 0.776645 radians - 63.231 / 165.805 degrees
1 - alxTestGalacticCoordinates -    alx - Test  - -------------------------------------------------------
1 - 
1 - alxTestGalacticCoordinates -    alx - Test  - Star Name : Gal Center
1 - 
1 - alxTestGalacticCoordinates -    alx - Test  - RA/DEC - GLat/GLong = 4.649557 / -0.504982 radians - 0.005 / 359.998 degrees
1 - alxTestGalacticCoordinates -    alx - Info  - Exiting...
