1 - alxTestMagnitude - err - errAddInStack(alx, 7)
1 - alxTestMagnitude - alx - Type spectral = A0
1 - alxTestMagnitude - alx - 	Code              = A
1 - alxTestMagnitude - alx - 	Sub-type Quantity = 0.000000
1 - alxTestMagnitude - alx - 	Light class       = 
1 - alxTestMagnitude - alx - Type spectral = A0Ia
1 - alxTestMagnitude - alx - 	Code              = A
1 - alxTestMagnitude - alx - 	Sub-type Quantity = 0.000000
1 - alxTestMagnitude - alx - 	Light class       = Ia
1 - alxTestMagnitude - alx - Type spectral = A0Ib
1 - alxTestMagnitude - alx - 	Code              = A
1 - alxTestMagnitude - alx - 	Sub-type Quantity = 0.000000
1 - alxTestMagnitude - alx - 	Light class       = Ib
1 - alxTestMagnitude - alx - Type spectral = A0IV
1 - alxTestMagnitude - alx - 	Code              = A
1 - alxTestMagnitude - alx - 	Sub-type Quantity = 0.000000
1 - alxTestMagnitude - alx - 	Light class       = IV
1 - alxTestMagnitude - alx - Type spectral = A0V
1 - alxTestMagnitude - alx - 	Code              = A
1 - alxTestMagnitude - alx - 	Sub-type Quantity = 0.000000
1 - alxTestMagnitude - alx - 	Light class       = V
1 - alxTestMagnitude - alx - Type spectral = A1III/IV
1 - alxTestMagnitude - alx - 	Code              = A
1 - alxTestMagnitude - alx - 	Sub-type Quantity = 1.000000
1 - alxTestMagnitude - alx - 	Light class       = III/IV
1 - alxTestMagnitude - alx - Type spectral = A1V
1 - alxTestMagnitude - alx - 	Code              = A
1 - alxTestMagnitude - alx - 	Sub-type Quantity = 1.000000
1 - alxTestMagnitude - alx - 	Light class       = V
1 - alxTestMagnitude - alx - Type spectral = A2
1 - alxTestMagnitude - alx - 	Code              = A
1 - alxTestMagnitude - alx - 	Sub-type Quantity = 2.000000
1 - alxTestMagnitude - alx - 	Light class       = 
1 - alxTestMagnitude - alx - Type spectral = A2m
1 - alxTestMagnitude - alx - 	Code              = A
1 - alxTestMagnitude - alx - 	Sub-type Quantity = 2.000000
1 - alxTestMagnitude - alx - 	Light class       = m
1 - alxTestMagnitude - alx - Type spectral = A3
1 - alxTestMagnitude - alx - 	Code              = A
1 - alxTestMagnitude - alx - 	Sub-type Quantity = 3.000000
1 - alxTestMagnitude - alx - 	Light class       = 
1 - alxTestMagnitude - alx - Type spectral = A3IV
1 - alxTestMagnitude - alx - 	Code              = A
1 - alxTestMagnitude - alx - 	Sub-type Quantity = 3.000000
1 - alxTestMagnitude - alx - 	Light class       = IV
1 - alxTestMagnitude - alx - Type spectral = A5
1 - alxTestMagnitude - alx - 	Code              = A
1 - alxTestMagnitude - alx - 	Sub-type Quantity = 5.000000
1 - alxTestMagnitude - alx - 	Light class       = 
1 - alxTestMagnitude - alx - Type spectral = A5V
1 - alxTestMagnitude - alx - 	Code              = A
1 - alxTestMagnitude - alx - 	Sub-type Quantity = 5.000000
1 - alxTestMagnitude - alx - 	Light class       = V
1 - alxTestMagnitude - alx - Type spectral = A7IV
1 - alxTestMagnitude - alx - 	Code              = A
1 - alxTestMagnitude - alx - 	Sub-type Quantity = 7.000000
1 - alxTestMagnitude - alx - 	Light class       = IV
1 - alxTestMagnitude - alx - Type spectral = A7IV-V
1 - alxTestMagnitude - alx - 	Code              = A
1 - alxTestMagnitude - alx - 	Sub-type Quantity = 7.000000
1 - alxTestMagnitude - alx - 	Light class       = IV-V
1 - alxTestMagnitude - alx - Type spectral = A8/A9V
1 - alxTestMagnitude - alx - 	Code              = A
1 - alxTestMagnitude - alx - 	Sub-type Quantity = 8.000000
1 - alxTestMagnitude - alx - 	Light class       = /A9V
1 - alxTestMagnitude - alx - Type spectral = A8Vn
1 - alxTestMagnitude - alx - 	Code              = A
1 - alxTestMagnitude - alx - 	Sub-type Quantity = 8.000000
1 - alxTestMagnitude - alx - 	Light class       = Vn
1 - alxTestMagnitude - alx - Type spectral = A9V
1 - alxTestMagnitude - alx - 	Code              = A
1 - alxTestMagnitude - alx - 	Sub-type Quantity = 9.000000
1 - alxTestMagnitude - alx - 	Light class       = V
1 - alxTestMagnitude - alx - Type spectral = A9V...
1 - alxTestMagnitude - alx - 	Code              = A
1 - alxTestMagnitude - alx - 	Sub-type Quantity = 9.000000
1 - alxTestMagnitude - alx - 	Light class       = V...
1 - alxTestMagnitude - err - errAddInStack(alx, 7)
1 - alxTestMagnitude - err - errAddInStack(alx, 7)
1 - alxTestMagnitude - alx - Type spectral = B0IV...
1 - alxTestMagnitude - alx - 	Code              = B
1 - alxTestMagnitude - alx - 	Sub-type Quantity = 0.000000
1 - alxTestMagnitude - alx - 	Light class       = IV...
1 - alxTestMagnitude - alx - Type spectral = B1.5V
1 - alxTestMagnitude - alx - 	Code              = B
1 - alxTestMagnitude - alx - 	Sub-type Quantity = 1.500000
1 - alxTestMagnitude - alx - 	Light class       = V
1 - alxTestMagnitude - alx - Type spectral = B2
1 - alxTestMagnitude - alx - 	Code              = B
1 - alxTestMagnitude - alx - 	Sub-type Quantity = 2.000000
1 - alxTestMagnitude - alx - 	Light class       = 
1 - alxTestMagnitude - alx - Type spectral = B2III
1 - alxTestMagnitude - alx - 	Code              = B
1 - alxTestMagnitude - alx - 	Sub-type Quantity = 2.000000
1 - alxTestMagnitude - alx - 	Light class       = III
1 - alxTestMagnitude - alx - Type spectral = B2:IIIpshev
1 - alxTestMagnitude - alx - 	Code              = B
1 - alxTestMagnitude - alx - 	Sub-type Quantity = 2.000000
1 - alxTestMagnitude - alx - 	Light class       = :IIIpshev
1 - alxTestMagnitude - alx - Type spectral = B3IIIe
1 - alxTestMagnitude - alx - 	Code              = B
1 - alxTestMagnitude - alx - 	Sub-type Quantity = 3.000000
1 - alxTestMagnitude - alx - 	Light class       = IIIe
1 - alxTestMagnitude - alx - Type spectral = B5
1 - alxTestMagnitude - alx - 	Code              = B
1 - alxTestMagnitude - alx - 	Sub-type Quantity = 5.000000
1 - alxTestMagnitude - alx - 	Light class       = 
1 - alxTestMagnitude - alx - Type spectral = B5III
1 - alxTestMagnitude - alx - 	Code              = B
1 - alxTestMagnitude - alx - 	Sub-type Quantity = 5.000000
1 - alxTestMagnitude - alx - 	Light class       = III
1 - alxTestMagnitude - alx - Type spectral = B5V
1 - alxTestMagnitude - alx - 	Code              = B
1 - alxTestMagnitude - alx - 	Sub-type Quantity = 5.000000
1 - alxTestMagnitude - alx - 	Light class       = V
1 - alxTestMagnitude - alx - Type spectral = B6III
1 - alxTestMagnitude - alx - 	Code              = B
1 - alxTestMagnitude - alx - 	Sub-type Quantity = 6.000000
1 - alxTestMagnitude - alx - 	Light class       = III
1 - alxTestMagnitude - alx - Type spectral = B7/B8V
1 - alxTestMagnitude - alx - 	Code              = B
1 - alxTestMagnitude - alx - 	Sub-type Quantity = 7.000000
1 - alxTestMagnitude - alx - 	Light class       = /B8V
1 - alxTestMagnitude - alx - Type spectral = B8III
1 - alxTestMagnitude - alx - 	Code              = B
1 - alxTestMagnitude - alx - 	Sub-type Quantity = 8.000000
1 - alxTestMagnitude - alx - 	Light class       = III
1 - alxTestMagnitude - alx - Type spectral = B8V
1 - alxTestMagnitude - alx - 	Code              = B
1 - alxTestMagnitude - alx - 	Sub-type Quantity = 8.000000
1 - alxTestMagnitude - alx - 	Light class       = V
1 - alxTestMagnitude - alx - Type spectral = B8Vn
1 - alxTestMagnitude - alx - 	Code              = B
1 - alxTestMagnitude - alx - 	Sub-type Quantity = 8.000000
1 - alxTestMagnitude - alx - 	Light class       = Vn
1 - alxTestMagnitude - alx - Type spectral = B9
1 - alxTestMagnitude - alx - 	Code              = B
1 - alxTestMagnitude - alx - 	Sub-type Quantity = 9.000000
1 - alxTestMagnitude - alx - 	Light class       = 
1 - alxTestMagnitude - alx - Type spectral = B9.5IV:
1 - alxTestMagnitude - alx - 	Code              = B
1 - alxTestMagnitude - alx - 	Sub-type Quantity = 9.500000
1 - alxTestMagnitude - alx - 	Light class       = IV:
1 - alxTestMagnitude - alx - Type spectral = B9IIIMNp...
1 - alxTestMagnitude - alx - 	Code              = B
1 - alxTestMagnitude - alx - 	Sub-type Quantity = 9.000000
1 - alxTestMagnitude - alx - 	Light class       = IIIMNp...
1 - alxTestMagnitude - alx - Type spectral = B9IV
1 - alxTestMagnitude - alx - 	Code              = B
1 - alxTestMagnitude - alx - 	Sub-type Quantity = 9.000000
1 - alxTestMagnitude - alx - 	Light class       = IV
1 - alxTestMagnitude - alx - Type spectral = F0
1 - alxTestMagnitude - alx - 	Code              = F
1 - alxTestMagnitude - alx - 	Sub-type Quantity = 0.000000
1 - alxTestMagnitude - alx - 	Light class       = 
1 - alxTestMagnitude - alx - Type spectral = F0IV...
1 - alxTestMagnitude - alx - 	Code              = F
1 - alxTestMagnitude - alx - 	Sub-type Quantity = 0.000000
1 - alxTestMagnitude - alx - 	Light class       = IV...
1 - alxTestMagnitude - alx - Type spectral = F2II/III
1 - alxTestMagnitude - alx - 	Code              = F
1 - alxTestMagnitude - alx - 	Sub-type Quantity = 2.000000
1 - alxTestMagnitude - alx - 	Light class       = II/III
1 - alxTestMagnitude - alx - Type spectral = F3Ia
1 - alxTestMagnitude - alx - 	Code              = F
1 - alxTestMagnitude - alx - 	Sub-type Quantity = 3.000000
1 - alxTestMagnitude - alx - 	Light class       = Ia
1 - alxTestMagnitude - alx - Type spectral = F5
1 - alxTestMagnitude - alx - 	Code              = F
1 - alxTestMagnitude - alx - 	Sub-type Quantity = 5.000000
1 - alxTestMagnitude - alx - 	Light class       = 
1 - alxTestMagnitude - alx - Type spectral = F5V
1 - alxTestMagnitude - alx - 	Code              = F
1 - alxTestMagnitude - alx - 	Sub-type Quantity = 5.000000
1 - alxTestMagnitude - alx - 	Light class       = V
1 - alxTestMagnitude - alx - Type spectral = F8
1 - alxTestMagnitude - alx - 	Code              = F
1 - alxTestMagnitude - alx - 	Sub-type Quantity = 8.000000
1 - alxTestMagnitude - alx - 	Light class       = 
1 - alxTestMagnitude - alx - Type spectral = G0
1 - alxTestMagnitude - alx - 	Code              = G
1 - alxTestMagnitude - alx - 	Sub-type Quantity = 0.000000
1 - alxTestMagnitude - alx - 	Light class       = 
1 - alxTestMagnitude - alx - Type spectral = G0Ib
1 - alxTestMagnitude - alx - 	Code              = G
1 - alxTestMagnitude - alx - 	Sub-type Quantity = 0.000000
1 - alxTestMagnitude - alx - 	Light class       = Ib
1 - alxTestMagnitude - alx - Type spectral = G0III...
1 - alxTestMagnitude - alx - 	Code              = G
1 - alxTestMagnitude - alx - 	Sub-type Quantity = 0.000000
1 - alxTestMagnitude - alx - 	Light class       = III...
1 - alxTestMagnitude - alx - Type spectral = G0V
1 - alxTestMagnitude - alx - 	Code              = G
1 - alxTestMagnitude - alx - 	Sub-type Quantity = 0.000000
1 - alxTestMagnitude - alx - 	Light class       = V
1 - alxTestMagnitude - alx - Type spectral = G3Ib
1 - alxTestMagnitude - alx - 	Code              = G
1 - alxTestMagnitude - alx - 	Sub-type Quantity = 3.000000
1 - alxTestMagnitude - alx - 	Light class       = Ib
1 - alxTestMagnitude - alx - Type spectral = G3V
1 - alxTestMagnitude - alx - 	Code              = G
1 - alxTestMagnitude - alx - 	Sub-type Quantity = 3.000000
1 - alxTestMagnitude - alx - 	Light class       = V
1 - alxTestMagnitude - alx - Type spectral = G4Ibp...
1 - alxTestMagnitude - alx - 	Code              = G
1 - alxTestMagnitude - alx - 	Sub-type Quantity = 4.000000
1 - alxTestMagnitude - alx - 	Light class       = Ibp...
1 - alxTestMagnitude - alx - Type spectral = G5
1 - alxTestMagnitude - alx - 	Code              = G
1 - alxTestMagnitude - alx - 	Sub-type Quantity = 5.000000
1 - alxTestMagnitude - alx - 	Light class       = 
1 - alxTestMagnitude - alx - Type spectral = G5II...
1 - alxTestMagnitude - alx - 	Code              = G
1 - alxTestMagnitude - alx - 	Sub-type Quantity = 5.000000
1 - alxTestMagnitude - alx - 	Light class       = II...
1 - alxTestMagnitude - alx - Type spectral = G5III
1 - alxTestMagnitude - alx - 	Code              = G
1 - alxTestMagnitude - alx - 	Sub-type Quantity = 5.000000
1 - alxTestMagnitude - alx - 	Light class       = III
1 - alxTestMagnitude - alx - Type spectral = G5IV
1 - alxTestMagnitude - alx - 	Code              = G
1 - alxTestMagnitude - alx - 	Sub-type Quantity = 5.000000
1 - alxTestMagnitude - alx - 	Light class       = IV
1 - alxTestMagnitude - alx - Type spectral = G6/G8III
1 - alxTestMagnitude - alx - 	Code              = G
1 - alxTestMagnitude - alx - 	Sub-type Quantity = 6.000000
1 - alxTestMagnitude - alx - 	Light class       = /G8III
1 - alxTestMagnitude - alx - Type spectral = G7III
1 - alxTestMagnitude - alx - 	Code              = G
1 - alxTestMagnitude - alx - 	Sub-type Quantity = 7.000000
1 - alxTestMagnitude - alx - 	Light class       = III
1 - alxTestMagnitude - alx - Type spectral = G8III
1 - alxTestMagnitude - alx - 	Code              = G
1 - alxTestMagnitude - alx - 	Sub-type Quantity = 8.000000
1 - alxTestMagnitude - alx - 	Light class       = III
1 - alxTestMagnitude - alx - Type spectral = G8IV/V
1 - alxTestMagnitude - alx - 	Code              = G
1 - alxTestMagnitude - alx - 	Sub-type Quantity = 8.000000
1 - alxTestMagnitude - alx - 	Light class       = IV/V
1 - alxTestMagnitude - err - errAddInStack(alx, 7)
1 - alxTestMagnitude - alx - Type spectral = K0
1 - alxTestMagnitude - alx - 	Code              = K
1 - alxTestMagnitude - alx - 	Sub-type Quantity = 0.000000
1 - alxTestMagnitude - alx - 	Light class       = 
1 - alxTestMagnitude - alx - Type spectral = K0III
1 - alxTestMagnitude - alx - 	Code              = K
1 - alxTestMagnitude - alx - 	Sub-type Quantity = 0.000000
1 - alxTestMagnitude - alx - 	Light class       = III
1 - alxTestMagnitude - alx - Type spectral = K0IV
1 - alxTestMagnitude - alx - 	Code              = K
1 - alxTestMagnitude - alx - 	Sub-type Quantity = 0.000000
1 - alxTestMagnitude - alx - 	Light class       = IV
1 - alxTestMagnitude - alx - Type spectral = K1Iabv
1 - alxTestMagnitude - alx - 	Code              = K
1 - alxTestMagnitude - alx - 	Sub-type Quantity = 1.000000
1 - alxTestMagnitude - alx - 	Light class       = Iabv
1 - alxTestMagnitude - alx - Type spectral = K1III
1 - alxTestMagnitude - alx - 	Code              = K
1 - alxTestMagnitude - alx - 	Sub-type Quantity = 1.000000
1 - alxTestMagnitude - alx - 	Light class       = III
1 - alxTestMagnitude - alx - Type spectral = K1III/IV
1 - alxTestMagnitude - alx - 	Code              = K
1 - alxTestMagnitude - alx - 	Sub-type Quantity = 1.000000
1 - alxTestMagnitude - alx - 	Light class       = III/IV
1 - alxTestMagnitude - alx - Type spectral = K1IIIvar
1 - alxTestMagnitude - alx - 	Code              = K
1 - alxTestMagnitude - alx - 	Sub-type Quantity = 1.000000
1 - alxTestMagnitude - alx - 	Light class       = IIIvar
1 - alxTestMagnitude - alx - Type spectral = K1/K2III
1 - alxTestMagnitude - alx - 	Code              = K
1 - alxTestMagnitude - alx - 	Sub-type Quantity = 1.000000
1 - alxTestMagnitude - alx - 	Light class       = /K2III
1 - alxTestMagnitude - alx - Type spectral = K2
1 - alxTestMagnitude - alx - 	Code              = K
1 - alxTestMagnitude - alx - 	Sub-type Quantity = 2.000000
1 - alxTestMagnitude - alx - 	Light class       = 
1 - alxTestMagnitude - alx - Type spectral = K2III
1 - alxTestMagnitude - alx - 	Code              = K
1 - alxTestMagnitude - alx - 	Sub-type Quantity = 2.000000
1 - alxTestMagnitude - alx - 	Light class       = III
1 - alxTestMagnitude - alx - Type spectral = K2IIIvar
1 - alxTestMagnitude - alx - 	Code              = K
1 - alxTestMagnitude - alx - 	Sub-type Quantity = 2.000000
1 - alxTestMagnitude - alx - 	Light class       = IIIvar
1 - alxTestMagnitude - alx - Type spectral = K2IV
1 - alxTestMagnitude - alx - 	Code              = K
1 - alxTestMagnitude - alx - 	Sub-type Quantity = 2.000000
1 - alxTestMagnitude - alx - 	Light class       = IV
1 - alxTestMagnitude - alx - Type spectral = K2/K3III
1 - alxTestMagnitude - alx - 	Code              = K
1 - alxTestMagnitude - alx - 	Sub-type Quantity = 2.000000
1 - alxTestMagnitude - alx - 	Light class       = /K3III
1 - alxTestMagnitude - alx - Type spectral = K3Ib
1 - alxTestMagnitude - alx - 	Code              = K
1 - alxTestMagnitude - alx - 	Sub-type Quantity = 3.000000
1 - alxTestMagnitude - alx - 	Light class       = Ib
1 - alxTestMagnitude - alx - Type spectral = K3III
1 - alxTestMagnitude - alx - 	Code              = K
1 - alxTestMagnitude - alx - 	Sub-type Quantity = 3.000000
1 - alxTestMagnitude - alx - 	Light class       = III
1 - alxTestMagnitude - alx - Type spectral = K3IIvar
1 - alxTestMagnitude - alx - 	Code              = K
1 - alxTestMagnitude - alx - 	Sub-type Quantity = 3.000000
1 - alxTestMagnitude - alx - 	Light class       = IIvar
1 - alxTestMagnitude - alx - Type spectral = K4III
1 - alxTestMagnitude - alx - 	Code              = K
1 - alxTestMagnitude - alx - 	Sub-type Quantity = 4.000000
1 - alxTestMagnitude - alx - 	Light class       = III
1 - alxTestMagnitude - alx - Type spectral = K4/K5III
1 - alxTestMagnitude - alx - 	Code              = K
1 - alxTestMagnitude - alx - 	Sub-type Quantity = 4.000000
1 - alxTestMagnitude - alx - 	Light class       = /K5III
1 - alxTestMagnitude - alx - Type spectral = K5
1 - alxTestMagnitude - alx - 	Code              = K
1 - alxTestMagnitude - alx - 	Sub-type Quantity = 5.000000
1 - alxTestMagnitude - alx - 	Light class       = 
1 - alxTestMagnitude - alx - Type spectral = K5II
1 - alxTestMagnitude - alx - 	Code              = K
1 - alxTestMagnitude - alx - 	Sub-type Quantity = 5.000000
1 - alxTestMagnitude - alx - 	Light class       = II
1 - alxTestMagnitude - alx - Type spectral = K5III
1 - alxTestMagnitude - alx - 	Code              = K
1 - alxTestMagnitude - alx - 	Sub-type Quantity = 5.000000
1 - alxTestMagnitude - alx - 	Light class       = III
1 - alxTestMagnitude - alx - Type spectral = K5/M0III
1 - alxTestMagnitude - alx - 	Code              = K
1 - alxTestMagnitude - alx - 	Sub-type Quantity = 5.000000
1 - alxTestMagnitude - alx - 	Light class       = /M0III
1 - alxTestMagnitude - alx - Type spectral = K7
1 - alxTestMagnitude - alx - 	Code              = K
1 - alxTestMagnitude - alx - 	Sub-type Quantity = 7.000000
1 - alxTestMagnitude - alx - 	Light class       = 
1 - alxTestMagnitude - alx - Type spectral = M0
1 - alxTestMagnitude - alx - 	Code              = M
1 - alxTestMagnitude - alx - 	Sub-type Quantity = 0.000000
1 - alxTestMagnitude - alx - 	Light class       = 
1 - alxTestMagnitude - alx - Type spectral = M0III
1 - alxTestMagnitude - alx - 	Code              = M
1 - alxTestMagnitude - alx - 	Sub-type Quantity = 0.000000
1 - alxTestMagnitude - alx - 	Light class       = III
1 - alxTestMagnitude - alx - Type spectral = M0I-M4Ia
1 - alxTestMagnitude - alx - 	Code              = M
1 - alxTestMagnitude - alx - 	Sub-type Quantity = 0.000000
1 - alxTestMagnitude - alx - 	Light class       = I-M4Ia
1 - alxTestMagnitude - alx - Type spectral = M1
1 - alxTestMagnitude - alx - 	Code              = M
1 - alxTestMagnitude - alx - 	Sub-type Quantity = 1.000000
1 - alxTestMagnitude - alx - 	Light class       = 
1 - alxTestMagnitude - alx - Type spectral = M1III
1 - alxTestMagnitude - alx - 	Code              = M
1 - alxTestMagnitude - alx - 	Sub-type Quantity = 1.000000
1 - alxTestMagnitude - alx - 	Light class       = III
1 - alxTestMagnitude - alx - Type spectral = M1IIIb
1 - alxTestMagnitude - alx - 	Code              = M
1 - alxTestMagnitude - alx - 	Sub-type Quantity = 1.000000
1 - alxTestMagnitude - alx - 	Light class       = IIIb
1 - alxTestMagnitude - alx - Type spectral = M2Iabpe
1 - alxTestMagnitude - alx - 	Code              = M
1 - alxTestMagnitude - alx - 	Sub-type Quantity = 2.000000
1 - alxTestMagnitude - alx - 	Light class       = Iabpe
1 - alxTestMagnitude - alx - Type spectral = M3
1 - alxTestMagnitude - alx - 	Code              = M
1 - alxTestMagnitude - alx - 	Sub-type Quantity = 3.000000
1 - alxTestMagnitude - alx - 	Light class       = 
1 - alxTestMagnitude - alx - Type spectral = M3III
1 - alxTestMagnitude - alx - 	Code              = M
1 - alxTestMagnitude - alx - 	Sub-type Quantity = 3.000000
1 - alxTestMagnitude - alx - 	Light class       = III
1 - alxTestMagnitude - alx - Type spectral = M3/M4III
1 - alxTestMagnitude - alx - 	Code              = M
1 - alxTestMagnitude - alx - 	Sub-type Quantity = 3.000000
1 - alxTestMagnitude - alx - 	Light class       = /M4III
1 - alxTestMagnitude - alx - Type spectral = M4.5IIIa
1 - alxTestMagnitude - alx - 	Code              = M
1 - alxTestMagnitude - alx - 	Sub-type Quantity = 4.500000
1 - alxTestMagnitude - alx - 	Light class       = IIIa
1 - alxTestMagnitude - alx - Type spectral = M4III
1 - alxTestMagnitude - alx - 	Code              = M
1 - alxTestMagnitude - alx - 	Sub-type Quantity = 4.000000
1 - alxTestMagnitude - alx - 	Light class       = III
1 - alxTestMagnitude - alx - Type spectral = M4III:
1 - alxTestMagnitude - alx - 	Code              = M
1 - alxTestMagnitude - alx - 	Sub-type Quantity = 4.000000
1 - alxTestMagnitude - alx - 	Light class       = III:
1 - alxTestMagnitude - alx - Type spectral = M5III
1 - alxTestMagnitude - alx - 	Code              = M
1 - alxTestMagnitude - alx - 	Sub-type Quantity = 5.000000
1 - alxTestMagnitude - alx - 	Light class       = III
1 - alxTestMagnitude - alx - Type spectral = M5/M6IV
1 - alxTestMagnitude - alx - 	Code              = M
1 - alxTestMagnitude - alx - 	Sub-type Quantity = 5.000000
1 - alxTestMagnitude - alx - 	Light class       = /M6IV
1 - alxTestMagnitude - alx - Type spectral = M6
1 - alxTestMagnitude - alx - 	Code              = M
1 - alxTestMagnitude - alx - 	Sub-type Quantity = 6.000000
1 - alxTestMagnitude - alx - 	Light class       = 
1 - alxTestMagnitude - alx - Type spectral = M6e-M7
1 - alxTestMagnitude - alx - 	Code              = M
1 - alxTestMagnitude - alx - 	Sub-type Quantity = 6.000000
1 - alxTestMagnitude - alx - 	Light class       = M7
1 - alxTestMagnitude - alx - Type spectral = M6III
1 - alxTestMagnitude - alx - 	Code              = M
1 - alxTestMagnitude - alx - 	Sub-type Quantity = 6.000000
1 - alxTestMagnitude - alx - 	Light class       = III
1 - alxTestMagnitude - alx - Type spectral = M7III
1 - alxTestMagnitude - alx - 	Code              = M
1 - alxTestMagnitude - alx - 	Sub-type Quantity = 7.000000
1 - alxTestMagnitude - alx - 	Light class       = III
1 - alxTestMagnitude - alx - Type spectral = M8III:e
1 - alxTestMagnitude - alx - 	Code              = M
1 - alxTestMagnitude - alx - 	Sub-type Quantity = 8.000000
1 - alxTestMagnitude - alx - 	Light class       = III:e
1 - alxTestMagnitude - err - errAddInStack(alx, 7)
1 - alxTestMagnitude - err - errAddInStack(alx, 7)
1 - alxTestMagnitude - err - errAddInStack(alx, 7)
1 - alxTestMagnitude - err - errAddInStack(alx, 7)
1 - alxTestMagnitude - err - errAddInStack(alx, 7)
1 - alxTestMagnitude - err - errAddInStack(alx, 7)
1 - alxTestMagnitude - alx - Type spectral = O7
1 - alxTestMagnitude - alx - 	Code              = O
1 - alxTestMagnitude - alx - 	Sub-type Quantity = 7.000000
1 - alxTestMagnitude - alx - 	Light class       = 
1 - alxTestMagnitude - err - errAddInStack(alx, 7)
1 - alxTestMagnitude - alx - Type spectral = A0III SB
1 - alxTestMagnitude - alx - 	Code              = A
1 - alxTestMagnitude - alx - 	Sub-type Quantity = 0.000000
1 - alxTestMagnitude - alx - 	Light class       = III
1 - alxTestMagnitude - alx - Type spectral = A0V SB
1 - alxTestMagnitude - alx - 	Code              = A
1 - alxTestMagnitude - alx - 	Sub-type Quantity = 0.000000
1 - alxTestMagnitude - alx - 	Light class       = V
1 - alxTestMagnitude - alx - Type spectral = A3IVv SB
1 - alxTestMagnitude - alx - 	Code              = A
1 - alxTestMagnitude - alx - 	Sub-type Quantity = 3.000000
1 - alxTestMagnitude - alx - 	Light class       = IVv
1 - alxTestMagnitude - alx - Type spectral = A5Vv SB
1 - alxTestMagnitude - alx - 	Code              = A
1 - alxTestMagnitude - alx - 	Sub-type Quantity = 5.000000
1 - alxTestMagnitude - alx - 	Light class       = Vv
1 - alxTestMagnitude - alx - Type spectral = B2III SB
1 - alxTestMagnitude - alx - 	Code              = B
1 - alxTestMagnitude - alx - 	Sub-type Quantity = 2.000000
1 - alxTestMagnitude - alx - 	Light class       = III
1 - alxTestMagnitude - alx - Type spectral = B2IIIv SB
1 - alxTestMagnitude - alx - 	Code              = B
1 - alxTestMagnitude - alx - 	Sub-type Quantity = 2.000000
1 - alxTestMagnitude - alx - 	Light class       = IIIv
1 - alxTestMagnitude - alx - Type spectral = B3V SB
1 - alxTestMagnitude - alx - 	Code              = B
1 - alxTestMagnitude - alx - 	Sub-type Quantity = 3.000000
1 - alxTestMagnitude - alx - 	Light class       = V
1 - alxTestMagnitude - alx - Type spectral = B5III SB
1 - alxTestMagnitude - alx - 	Code              = B
1 - alxTestMagnitude - alx - 	Sub-type Quantity = 5.000000
1 - alxTestMagnitude - alx - 	Light class       = III
1 - alxTestMagnitude - alx - Type spectral = B5V SB
1 - alxTestMagnitude - alx - 	Code              = B
1 - alxTestMagnitude - alx - 	Sub-type Quantity = 5.000000
1 - alxTestMagnitude - alx - 	Light class       = V
1 - alxTestMagnitude - alx - Type spectral = B6pv SB
1 - alxTestMagnitude - alx - 	Code              = B
1 - alxTestMagnitude - alx - 	Sub-type Quantity = 6.000000
1 - alxTestMagnitude - alx - 	Light class       = pv
1 - alxTestMagnitude - alx - Type spectral = B8III SB
1 - alxTestMagnitude - alx - 	Code              = B
1 - alxTestMagnitude - alx - 	Sub-type Quantity = 8.000000
1 - alxTestMagnitude - alx - 	Light class       = III
1 - alxTestMagnitude - alx - Type spectral = B9p SB
1 - alxTestMagnitude - alx - 	Code              = B
1 - alxTestMagnitude - alx - 	Sub-type Quantity = 9.000000
1 - alxTestMagnitude - alx - 	Light class       = p
1 - alxTestMagnitude - alx - Type spectral = F2IV SB
1 - alxTestMagnitude - alx - 	Code              = F
1 - alxTestMagnitude - alx - 	Sub-type Quantity = 2.000000
1 - alxTestMagnitude - alx - 	Light class       = IV
1 - alxTestMagnitude - alx - Type spectral = F4III SB
1 - alxTestMagnitude - alx - 	Code              = F
1 - alxTestMagnitude - alx - 	Sub-type Quantity = 4.000000
1 - alxTestMagnitude - alx - 	Light class       = III
1 - alxTestMagnitude - alx - Type spectral = F8V SB
1 - alxTestMagnitude - alx - 	Code              = F
1 - alxTestMagnitude - alx - 	Sub-type Quantity = 8.000000
1 - alxTestMagnitude - alx - 	Light class       = V
1 - alxTestMagnitude - alx - Type spectral = G2V SB
1 - alxTestMagnitude - alx - 	Code              = G
1 - alxTestMagnitude - alx - 	Sub-type Quantity = 2.000000
1 - alxTestMagnitude - alx - 	Light class       = V
1 - alxTestMagnitude - alx - Type spectral = G3Ibv SB
1 - alxTestMagnitude - alx - 	Code              = G
1 - alxTestMagnitude - alx - 	Sub-type Quantity = 3.000000
1 - alxTestMagnitude - alx - 	Light class       = Ibv
1 - alxTestMagnitude - alx - Type spectral = G5III SB
1 - alxTestMagnitude - alx - 	Code              = G
1 - alxTestMagnitude - alx - 	Sub-type Quantity = 5.000000
1 - alxTestMagnitude - alx - 	Light class       = III
1 - alxTestMagnitude - alx - Type spectral = G8II SB
1 - alxTestMagnitude - alx - 	Code              = G
1 - alxTestMagnitude - alx - 	Sub-type Quantity = 8.000000
1 - alxTestMagnitude - alx - 	Light class       = II
1 - alxTestMagnitude - alx - Type spectral = G8III compSB
1 - alxTestMagnitude - alx - 	Code              = G
1 - alxTestMagnitude - alx - 	Sub-type Quantity = 8.000000
1 - alxTestMagnitude - alx - 	Light class       = III
1 - alxTestMagnitude - alx - Type spectral = G8III SB
1 - alxTestMagnitude - alx - 	Code              = G
1 - alxTestMagnitude - alx - 	Sub-type Quantity = 8.000000
1 - alxTestMagnitude - alx - 	Light class       = III
1 - alxTestMagnitude - alx - Type spectral = G8III-IV SB
1 - alxTestMagnitude - alx - 	Code              = G
1 - alxTestMagnitude - alx - 	Sub-type Quantity = 8.000000
1 - alxTestMagnitude - alx - 	Light class       = III-IV
1 - alxTestMagnitude - alx - Type spectral = G8V SB
1 - alxTestMagnitude - alx - 	Code              = G
1 - alxTestMagnitude - alx - 	Sub-type Quantity = 8.000000
1 - alxTestMagnitude - alx - 	Light class       = V
1 - alxTestMagnitude - alx - Type spectral = K0III SB
1 - alxTestMagnitude - alx - 	Code              = K
1 - alxTestMagnitude - alx - 	Sub-type Quantity = 0.000000
1 - alxTestMagnitude - alx - 	Light class       = III
1 - alxTestMagnitude - alx - Type spectral = K0IV SB
1 - alxTestMagnitude - alx - 	Code              = K
1 - alxTestMagnitude - alx - 	Sub-type Quantity = 0.000000
1 - alxTestMagnitude - alx - 	Light class       = IV
1 - alxTestMagnitude - alx - Type spectral = K0V SB
1 - alxTestMagnitude - alx - 	Code              = K
1 - alxTestMagnitude - alx - 	Sub-type Quantity = 0.000000
1 - alxTestMagnitude - alx - 	Light class       = V
1 - alxTestMagnitude - alx - Type spectral = K1III SB
1 - alxTestMagnitude - alx - 	Code              = K
1 - alxTestMagnitude - alx - 	Sub-type Quantity = 1.000000
1 - alxTestMagnitude - alx - 	Light class       = III
1 - alxTestMagnitude - alx - Type spectral = K3III SB
1 - alxTestMagnitude - alx - 	Code              = K
1 - alxTestMagnitude - alx - 	Sub-type Quantity = 3.000000
1 - alxTestMagnitude - alx - 	Light class       = III
1 - alxTestMagnitude - alx - Type spectral = K4II SB
1 - alxTestMagnitude - alx - 	Code              = K
1 - alxTestMagnitude - alx - 	Sub-type Quantity = 4.000000
1 - alxTestMagnitude - alx - 	Light class       = II
1 - alxTestMagnitude - alx - Type spectral = K5Ibv SB
1 - alxTestMagnitude - alx - 	Code              = K
1 - alxTestMagnitude - alx - 	Sub-type Quantity = 5.000000
1 - alxTestMagnitude - alx - 	Light class       = Ibv
1 - alxTestMagnitude - alx - Type spectral = K5III SB
1 - alxTestMagnitude - alx - 	Code              = K
1 - alxTestMagnitude - alx - 	Sub-type Quantity = 5.000000
1 - alxTestMagnitude - alx - 	Light class       = III
1 - alxTestMagnitude - alx - Type spectral = M0III SB
1 - alxTestMagnitude - alx - 	Code              = M
1 - alxTestMagnitude - alx - 	Sub-type Quantity = 0.000000
1 - alxTestMagnitude - alx - 	Light class       = III
1 - alxTestMagnitude - alx - Type spectral = O9.5Ib SB
1 - alxTestMagnitude - alx - 	Code              = O
1 - alxTestMagnitude - alx - 	Sub-type Quantity = 9.500000
1 - alxTestMagnitude - alx - 	Light class       = Ib
1 - alxTestMagnitude - alx - Type spectral = B2.5V
1 - alxTestMagnitude - alx - 	Code              = B
1 - alxTestMagnitude - alx - 	Sub-type Quantity = 2.500000
1 - alxTestMagnitude - alx - 	Light class       = V
1 - alxTestMagnitude - alx - Type of star = DWARF
1 - alxTestMagnitude - alx - Inferior line = 6
1 - alxTestMagnitude - alx - Superior line = 7
1 - alxTestMagnitude - alx - mgB-mgV = -0.070 / B-V [-0.210..-0.180]; delta > 0.1
1 - alxTestMagnitude - alx - B = 6.600
1 - alxTestMagnitude - alx - V = 6.670
1 - alxTestMagnitude - alx - R = 99.990 (-1)
1 - alxTestMagnitude - alx - I = 99.990 (-1)
1 - alxTestMagnitude - alx - J = 99.990 (-1)
1 - alxTestMagnitude - alx - H = 99.990 (-1)
1 - alxTestMagnitude - alx - K = 99.990 (-1)
1 - alxTestMagnitude - alx - L = 99.990 (-1)
1 - alxTestMagnitude - alx - M = 99.990 (-1)
1 - alxTestMagnitude - alx - Type spectral = K2.5V
1 - alxTestMagnitude - alx - 	Code              = K
1 - alxTestMagnitude - alx - 	Sub-type Quantity = 2.500000
1 - alxTestMagnitude - alx - 	Light class       = V
1 - alxTestMagnitude - alx - Type of star = DWARF
1 - alxTestMagnitude - alx - Inferior line = 34
1 - alxTestMagnitude - alx - Superior line = 35
1 - alxTestMagnitude - alx - Ratio = 1.600000
1 - alxTestMagnitude - alx - B = 6.600
1 - alxTestMagnitude - alx - V = 5.770
1 - alxTestMagnitude - alx - R = 4.928 (0)
1 - alxTestMagnitude - alx - I = 4.318 (0)
1 - alxTestMagnitude - alx - J = 3.930 (0)
1 - alxTestMagnitude - alx - H = 3.376 (0)
1 - alxTestMagnitude - alx - K = 3.340 (0)
1 - alxTestMagnitude - alx - L = 3.224 (0)
1 - alxTestMagnitude - alx - M = 3.260 (0)
1 - alxTestMagnitude - alx - Type spectral = A0I
1 - alxTestMagnitude - alx - 	Code              = A
1 - alxTestMagnitude - alx - 	Sub-type Quantity = 0.000000
1 - alxTestMagnitude - alx - 	Light class       = I
1 - alxTestMagnitude - alx - Type of star = SUPER GIANT
1 - alxTestMagnitude - alx - B = 6.600
1 - alxTestMagnitude - alx - V = 6.670
1 - alxTestMagnitude - alx - R = 6.640 (0)
1 - alxTestMagnitude - alx - I = 6.580 (0)
1 - alxTestMagnitude - alx - J = 6.590 (0)
1 - alxTestMagnitude - alx - H = -93.400 (0)
1 - alxTestMagnitude - alx - K = 6.550 (0)
1 - alxTestMagnitude - alx - L = 6.500 (0)
1 - alxTestMagnitude - alx - M = 99.990 (-1)
1 - alxTestMagnitude - alx - Galactic longitude          = 165.000
1 - alxTestMagnitude - alx - Distance                    = 0.100
1 - alxTestMagnitude - alx - Extinction coefficient in V = 0.032
1 - alxTestMagnitude - alx - Corrected magnitude[0] = 6.558
1 - alxTestMagnitude - alx - Corrected magnitude[1] = 6.638
1 - alxTestMagnitude - alx - Corrected magnitude[2] = 6.616
1 - alxTestMagnitude - alx - Corrected magnitude[3] = 6.564
1 - alxTestMagnitude - alx - Corrected magnitude[4] = 6.581
1 - alxTestMagnitude - alx - Corrected magnitude[5] = -93.405
1 - alxTestMagnitude - alx - Corrected magnitude[6] = 6.546
1 - alxTestMagnitude - alx - Corrected magnitude[7] = 6.498
1 - alxTestMagnitude - alx - Type spectral = M8
1 - alxTestMagnitude - alx - 	Code              = M
1 - alxTestMagnitude - alx - 	Sub-type Quantity = 8.000000
1 - alxTestMagnitude - alx - 	Light class       = 
1 - alxTestMagnitude - alx - Type of star = DWARF
1 - alxTestMagnitude - err - errAddInStack(alx, 9)
1 - *********************
1 - extinction
1 - alxTestMagnitude - alx - Galactic longitude          = 166.610
1 - alxTestMagnitude - alx - Distance                    = 0.110
1 - alxTestMagnitude - alx - Extinction coefficient in V = 0.096
1 - alxTestMagnitude - alx - Corrected magnitude[0] = 8.325
1 - alxTestMagnitude - alx - Corrected magnitude[1] = 8.171
1 - alxTestMagnitude - alx - Corrected magnitude[2] = 7.948
1 - alxTestMagnitude - alx - Corrected magnitude[3] = 7.831
1 - alxTestMagnitude - alx - Corrected magnitude[4] = 7.740
1 - alxTestMagnitude - alx - Corrected magnitude[5] = 7.611
1 - alxTestMagnitude - alx - Corrected magnitude[6] = 7.628
1 - alxTestMagnitude - alx - Corrected magnitude[7] = 7.114
1 - complete
1 - alxTestMagnitude - alx - Type spectral = A0
1 - alxTestMagnitude - alx - 	Code              = A
1 - alxTestMagnitude - alx - 	Sub-type Quantity = 0.000000
1 - alxTestMagnitude - alx - 	Light class       = 
1 - alxTestMagnitude - alx - Type of star = DWARF
1 - alxTestMagnitude - alx - Could not compute differential magnitudes; mgB-mgV = 1.540e-01 / B-V -2.000e-02; delta > 0.1
1 - alxTestMagnitude - alx - B = 8.325
1 - alxTestMagnitude - alx - V = 8.171
1 - alxTestMagnitude - alx - R = 7.948 (0)
1 - alxTestMagnitude - alx - I = 7.831 (0)
1 - alxTestMagnitude - alx - J = 7.740 (0)
1 - alxTestMagnitude - alx - H = 7.611 (0)
1 - alxTestMagnitude - alx - K = 7.628 (0)
1 - alxTestMagnitude - alx - L = 7.114 (0)
1 - alxTestMagnitude - alx - M = 99.990 (-1)
1 - *********************
1 - extinction
1 - alxTestMagnitude - alx - Galactic longitude          = 166.370
1 - alxTestMagnitude - alx - Distance                    = 0.833
1 - alxTestMagnitude - alx - Extinction coefficient in V = 0.292
1 - alxTestMagnitude - alx - Corrected magnitude[0] = 8.374
1 - alxTestMagnitude - alx - Corrected magnitude[1] = 7.387
1 - complete
1 - alxTestMagnitude - alx - Type spectral = K2
1 - alxTestMagnitude - alx - 	Code              = K
1 - alxTestMagnitude - alx - 	Sub-type Quantity = 2.000000
1 - alxTestMagnitude - alx - 	Light class       = 
1 - alxTestMagnitude - alx - Type of star = DWARF
1 - alxTestMagnitude - alx - B = 8.374
1 - alxTestMagnitude - alx - V = 7.387
1 - alxTestMagnitude - alx - R = 6.657 (0)
1 - alxTestMagnitude - alx - I = 6.127 (0)
1 - alxTestMagnitude - alx - J = 5.787 (0)
1 - alxTestMagnitude - alx - H = 5.297 (0)
1 - alxTestMagnitude - alx - K = 5.197 (0)
1 - alxTestMagnitude - alx - L = 5.097 (0)
1 - alxTestMagnitude - alx - M = 99.990 (-1)
1 - alxTestMagnitude - alx - miscDynBufGetNextLine() = 'B-V	0.3382261700	0.7617288800	0.16990933000	-0.08031590000	0.36842746	0.00000000	8.0'
1 - alxTestMagnitude - alx - miscDynBufGetNextLine() = 'V-R	0.2997451400	0.9046990900	-0.0438167000	2.325642200000	-1.4324917	0.43618476	9.7'
1 - alxTestMagnitude - alx - miscDynBufGetNextLine() = 'V-K	0.3256192500	0.3146731600	0.09401181000	-0.01874460000	0.00818989	0.00000000	6.9'
1 - alxTestMagnitude - alx - miscDynBufGetNextLine() = 'I-J	0.3412554562	0.4149735570	0.57802319530	-0.03687291592	0.00000000	0.00000000	7.2'
1 - alxTestMagnitude - alx - miscDynBufGetNextLine() = 'I-K	0.3606650830	0.2490890030	0.11209475200	0.032334342600	0.00000000	0.00000000	7.1	'
1 - alxTestMagnitude - alx - miscDynBufGetNextLine() = 'J-H	0.3179209232	1.3272583480	-3.6143617630	5.796453476000	0.00000000	0.00000000	17.3'
1 - alxTestMagnitude - alx - miscDynBufGetNextLine() = 'J-K	0.3017810881	0.6995268464	0.02501036786	0.164360210300	0.00000000	0.00000000	9.7'
1 - alxTestMagnitude - alx - miscDynBufGetNextLine() = 'H-K	0.3909413815	2.1432867050	0.11670034380	-10.9061060000	0.00000000	0.00000000	12.5'
1 - alxTestMagnitude - alx - Diameter BV = 0.474(0.0379), VR = 0.473(0.0459), VK = 0.452(0.0312)
1 - alxTestMagnitude - alx - Confidence index = 0 - (0=LOW, 1=MEDIUM and 2=HIGH)
1 - alxTestMagnitude - alx - Corrected magnitude[B] = 8.760
1 - alxTestMagnitude - alx - Corrected magnitude[V] = 7.679
1 - alxTestMagnitude - alx - Corrected magnitude[R] = 6.875
1 - alxTestMagnitude - alx - Corrected magnitude[I] = 6.275
1 - alxTestMagnitude - alx - Corrected magnitude[J] = 6.598
1 - alxTestMagnitude - alx - Corrected magnitude[H] = 5.347
1 - alxTestMagnitude - alx - Corrected magnitude[K] = 5.231
1 - alxTestMagnitude - alx - Corrected magnitude[L] = 5.115
1 - alxTestMagnitude - alx - Corrected magnitude[M] = 99.990
1 - *********** FAINT TEST **********
1 - complete
1 - alxTestMagnitude - alx - Type spectral = A0
1 - alxTestMagnitude - alx - 	Code              = A
1 - alxTestMagnitude - alx - 	Sub-type Quantity = 0.000000
1 - alxTestMagnitude - alx - 	Light class       = 
1 - alxTestMagnitude - alx - Type of star = DWARF
1 - alxTestMagnitude - alx - Inferior line = 13
1 - alxTestMagnitude - alx - Superior line = 14
1 - alxTestMagnitude - alx - 0.000000 < J-K (0.777000) < 0.000000
1 - alxTestMagnitude - alx - Ratio = 0.500000
1 - alxTestMagnitude - alx - J = 8.275
1 - alxTestMagnitude - alx - K = 7.498
1 - alxTestMagnitude - alx - R = 8.205 (2)
1 - alxTestMagnitude - alx - I = 8.210 (2)
1 - alxTestMagnitude - alx - B = 8.115 (2)
1 - alxTestMagnitude - alx - H = 8.270 (2)
1 - alxTestMagnitude - alx - V = 8.185 (2)
1 - alxTestMagnitude - alx - L = 99.990 (0)
1 - alxTestMagnitude - alx - M = 99.990 (0)
1 - alxTestMagnitude - alx - Diameter JH = 0.067(0.0116)
1 - alxTestMagnitude - alx - Diameter JK = 0.193(0.0187)
1 - alxTestMagnitude - alx - Diameter IJ = 0.067(0.0048)
1 - alxTestMagnitude - alx - Diameter IK = 0.129(0.0091)
1 - alxTestMagnitude - alx - Mean diameter = 0.114(0.0228)
1 - alxTestMagnitude - alx - Computed diameters are not coherent between them; they are not kept
