Starting...
DEC = 60.0
Magnitude range = [6.0..12.0]
ra = 0.000000 radians
dec = 1.047198 radians
gLat = -2.230 degrees
gLon = 116.540 degrees
GLat = -2.230000, GLon = 116.540001
12.0]
Number of estimated stars into 1 degree solid angle circle = 3488
Nb of star for this sky area = 3488
Sky research area size = 0.01 (deg)
Sky research radius = 3.59 (arcmin)
Result 1 : ra = 0.00 dec = 60.00 -> size = 3.59 should be 3.59
DEC = -60.0
Magnitude range = [6.0..12.0]
ra = 0.000000 radians
dec = -1.047198 radians
gLat = -55.970 degrees
gLon = 314.400 degrees
GLat = -55.970001, GLon = 314.399994
12.0]
Number of estimated stars into 1 degree solid angle circle = 233
Nb of star for this sky area = 233
Sky research area size = 0.17 (deg)
Sky research radius = 13.90 (arcmin)
Result 2 : ra = 0.00 dec = -60.00 -> size = 13.90 should be 13.90
DEC = 0.0
Magnitude range = [4.0..21.0]
ra = 0.000000 radians
dec = 0.000000 radians
gLat = -60.190 degrees
gLon = 96.340 degrees
GLat = -60.189999, GLon = 96.339996
19.5]
Number of estimated stars into 1 degree solid angle circle = 5132
Nb of star for this sky area = 5132
Sky research area size = 0.01 (deg)
Sky research radius = 2.96 (arcmin)
Result 3 : ra = 0.00 dec = 0.00 -> size = 2.96 should be 2.96
DEC = -37.0
Magnitude range = [7.0..14.0]
ra = -1.303761 radians
dec = -0.645772 radians
gLat = -17.740 degrees
gLon = 359.830 degrees
GLat = -17.740000, GLon = 359.829987
14.0]
Number of estimated stars into 1 degree solid angle circle = 11434
Nb of star for this sky area = 11434
Sky research area size = 0.00 (deg)
Sky research radius = 1.98 (arcmin)
Result 4 : ra = -74.70 dec = -37.00 -> size = 1.98 should be 1.98
DEC = -24.4
Magnitude range = [7.0..14.0]
ra = 4.289146 radians
dec = -0.425686 radians
gLat = 17.500 degrees
gLon = 352.530 degrees
GLat = 17.500000, GLon = 352.529999
14.0]
Number of estimated stars into 1 degree solid angle circle = 10173
Nb of star for this sky area = 10173
Sky research area size = 0.00 (deg)
Sky research radius = 2.10 (arcmin)
Result 5 : ra = 245.75 dec = -24.39 -> size = 2.10 should be 2.10
DEC = -24.4
Magnitude range = [2.0..4.0]
ra = 4.289146 radians
dec = -0.425686 radians
gLat = 17.500 degrees
gLon = 352.530 degrees
GLat = 17.500000, GLon = 352.529999
5.5]
Number of estimated stars into 1 degree solid angle circle = 3
Nb of star for this sky area = 3
Sky research area size = 13.09 (deg)
Sky research radius = 122.47 (arcmin)
Result 6 : ra = 245.75 dec = -24.39 -> size = 122.47 should be 2.10
Exiting...
