1 - alxComputeDistance(ra1 = -176.950, dec1 = 45.229, ra2 = -177.000, dec2 = 45.224) = 128.046546
1 - Result should be around 128.1 arcsec accordding to vobsStarSeparation.
1 - 
1 - alxComputeDistance(ra1 = -177.000, dec1 = 45.224, ra2 = -176.950, dec2 = 45.229) = 128.046546
1 - Result should be around 128.1 arcsec accordding to vobsStarSeparation.
1 - 
1 - alxComputeDistance(ra1 = 0.000, dec1 = 0.000, ra2 = -176.950, dec2 = 45.229) = 484885.950274
1 - Result should be around 484885.9 arcsec accordding to vobsStarSeparation.
1 - 
