1 - unknown - alx - Starting...
1 - for : 
1 - 	 diam       = 1.350000 (mas)
1 - 	 diam error = 0.130000 
1 - 	 baseMax    = 100.000000 (m)
1 - 	 wavelength = 2.200000 (microm)
1 - alxTestVisibility - alx - Diam= 1.350(0.130) - base = 100.0 - wlen= 2.200
1 - alxTestVisibility - alx - V   = 0.894724
1 - alxTestVisibility - alx - dV  = 0.019537
1 - alxTestVisibility - alx - V²  = 0.800532
1 - alxTestVisibility - alx - dV² = 0.034961
1 - we compute visibility :
1 - 	 V   = 0.894724
1 - 	 VÂ²  = 0.800532
1 - 	dVÂ² = 0.034961
1 - for : 
1 - 	 diam       = 0.452000 (mas)
1 - 	 diam error = 0.031000 
1 - 	 baseMax    = 102.449997 (m)
1 - 	 wavelength = 0.600000 (microm)
1 - alxTestVisibility - alx - Diam= 0.452(0.031) - base = 102.4 - wlen= 0.600
1 - alxTestVisibility - alx - V   = 0.836955
1 - alxTestVisibility - alx - dV  = 0.021077
1 - alxTestVisibility - alx - V²  = 0.700494
1 - alxTestVisibility - alx - dV² = 0.035282
1 - we compute visibility :
1 - 	 V   = 0.836955
1 - 	 VÂ²  = 0.700494
1 - 	dVÂ²  = 0.035282
1 - for : 
1 - 	 diam       = 0.418000 (mas)
1 - 	 diam error = 0.029000 
1 - 	 baseMax    = 102.449997 (m)
1 - 	 wavelength = 2.200000 (microm)
1 - alxTestVisibility - alx - Diam= 0.418(0.029) - base = 102.4 - wlen= 2.200
1 - alxTestVisibility - alx - V   = 0.989054
1 - alxTestVisibility - alx - dV  = 0.001513
1 - alxTestVisibility - alx - V²  = 0.978228
1 - alxTestVisibility - alx - dV² = 0.002993
1 - we compute visibility :
1 - 	 V   = 0.989054
1 - 	 VÂ²  = 0.978228
1 - 	dVÂ²  = 0.002993
1 - for : 
1 - 	 diam       = 1.296000 (mas)
1 - 	 diam error = 0.089000 
1 - 	 baseMax    = 102.449997 (m)
1 - 	 wavelength = 2.200000 (microm)
1 - alxTestVisibility - alx - Diam= 1.296(0.089) - base = 102.4 - wlen= 2.200
1 - alxTestVisibility - alx - V   = 0.898045
1 - alxTestVisibility - alx - dV  = 0.013510
1 - alxTestVisibility - alx - V²  = 0.806484
1 - alxTestVisibility - alx - dV² = 0.024266
1 - we compute visibility :
1 - 	 V   = 0.898045
1 - 	 VÂ²  = 0.806484
1 - 	dVÂ²  = 0.024266
1 - for : 
1 - 	 diam       = 1.096000 (mas)
1 - 	 diam error = 0.076000 
1 - 	 baseMax    = 102.449997 (m)
1 - 	 wavelength = 2.200000 (microm)
1 - alxTestVisibility - alx - Diam= 1.096(0.076) - base = 102.4 - wlen= 2.200
1 - alxTestVisibility - alx - V   = 0.926349
1 - alxTestVisibility - alx - dV  = 0.009957
1 - alxTestVisibility - alx - V²  = 0.858123
1 - alxTestVisibility - alx - dV² = 0.018448
1 - we compute visibility :
1 - 	 V   = 0.926349
1 - 	 VÂ²  = 0.858123
1 - 	dVÂ²  = 0.018448
1 - for : 
1 - 	 diam       = 0.120000 (mas)
1 - 	 diam error = 0.024000 
1 - 	 baseMax    = 102.449997 (m)
1 - 	 wavelength = 2.200000 (microm)
1 - alxTestVisibility - alx - Diam= 0.120(0.024) - base = 102.4 - wlen= 2.200
1 - alxTestVisibility - alx - V   = 0.999095
1 - alxTestVisibility - alx - dV  = 0.000362
1 - alxTestVisibility - alx - V²  = 0.998190
1 - alxTestVisibility - alx - dV² = 0.000723
1 - we compute visibility :
1 - 	 V   = 0.999095
1 - 	 VÂ²  = 0.998190
1 - 	dVÂ²  = 0.000723
1 - for : 
1 - 	 diam       = 0.369000 (mas)
1 - 	 diam error = 0.074000 
1 - 	 baseMax    = 102.449997 (m)
1 - 	 wavelength = 2.200000 (microm)
1 - alxTestVisibility - alx - Diam= 0.369(0.074) - base = 102.4 - wlen= 2.200
1 - alxTestVisibility - alx - V   = 0.991463
1 - alxTestVisibility - alx - dV  = 0.003414
1 - alxTestVisibility - alx - V²  = 0.982999
1 - alxTestVisibility - alx - dV² = 0.006770
1 - we compute visibility :
1 - 	 V   = 0.991463
1 - 	 VÂ²  = 0.982999
1 - 	dVÂ²  = 0.006770
1 - for : 
1 - 	 diam       = 0.331000 (mas)
1 - 	 diam error = 0.066000 
1 - 	 baseMax    = 102.449997 (m)
1 - 	 wavelength = 2.200000 (microm)
1 - alxTestVisibility - alx - Diam= 0.331(0.066) - base = 102.4 - wlen= 2.200
1 - alxTestVisibility - alx - V   = 0.993127
1 - alxTestVisibility - alx - dV  = 0.002735
1 - alxTestVisibility - alx - V²  = 0.986301
1 - alxTestVisibility - alx - dV² = 0.005432
1 - we compute visibility :
1 - 	 V   = 0.993127
1 - 	 VÂ²  = 0.986301
1 - 	dVÂ²  = 0.005432
1 - alxTestVisibility - alx - Exiting...
