1 - alxTestLD2UD - alx - alxShowUNIFORM_DIAMETERS()
1 - alxUNIFORM_DIAMETERS structure contains:
1 - 	ud.Teff = 0.000000
1 - 	ud.LogG = 0.000000
1 - 	ud.b    = 0.000000
1 - 	ud.i    = 0.000000
1 - 	ud.j    = 0.000000
1 - 	ud.h    = 0.000000
1 - 	ud.k    = 0.000000
1 - 	ud.l    = 0.000000
1 - 	ud.n    = 0.000000
1 - 	ud.r    = 0.000000
1 - 	ud.u    = 0.000000
1 - 	ud.v    = 0.000000
1 - alxTestLD2UD - alx - alxFlushUNIFORM_DIAMETERS()
1 - alxTestLD2UD - alx - alxShowUNIFORM_DIAMETERS()
1 - alxUNIFORM_DIAMETERS structure contains:
1 - 	ud.Teff = 0.000000
1 - 	ud.LogG = 0.000000
1 - 	ud.b    = 0.000000
1 - 	ud.i    = 0.000000
1 - 	ud.j    = 0.000000
1 - 	ud.h    = 0.000000
1 - 	ud.k    = 0.000000
1 - 	ud.l    = 0.000000
1 - 	ud.n    = 0.000000
1 - 	ud.r    = 0.000000
1 - 	ud.u    = 0.000000
1 - 	ud.v    = 0.000000
1 - alxComputeUDFromLDAndSP(1.185, "K3III"):
1 - alxTestLD2UD - alx - alxComputeUDFromLDAndSP()
1 - alxTestLD2UD - alx - alxFlushUNIFORM_DIAMETERS()
1 - alxTestLD2UD - alx - Parsing token 'UD_B=1.0708533335311876'.
1 - alxTestLD2UD - alx - UD_B = 1.070853
1 - alxTestLD2UD - alx - Parsing token 'UD_I=1.1206310107255408'.
1 - alxTestLD2UD - alx - UD_I = 1.120631
1 - alxTestLD2UD - alx - Parsing token 'UD_J=1.136493414372633'.
1 - alxTestLD2UD - alx - UD_J = 1.136493
1 - alxTestLD2UD - alx - Parsing token 'UD_H=1.1459899657279669'.
1 - alxTestLD2UD - alx - UD_H = 1.145990
1 - alxTestLD2UD - alx - Parsing token 'UD_K=1.1528565675339333'.
1 - alxTestLD2UD - alx - UD_K = 1.152857
1 - alxTestLD2UD - alx - Parsing token 'UD_L=1.1664671463218654'.
1 - alxTestLD2UD - alx - UD_L = 1.166467
1 - alxTestLD2UD - alx - Parsing token 'UD_N=1.1762872508931157'.
1 - alxTestLD2UD - alx - UD_N = 1.176287
1 - alxTestLD2UD - alx - Parsing token 'UD_R=1.1046758824694847'.
1 - alxTestLD2UD - alx - UD_R = 1.104676
1 - alxTestLD2UD - alx - Parsing token 'UD_U=1.064405465068747'.
1 - alxTestLD2UD - alx - UD_U = 1.064405
1 - alxTestLD2UD - alx - Parsing token 'UD_V=1.0859255627026616'.
1 - alxTestLD2UD - alx - UD_V = 1.085926
1 - alxTestLD2UD - alx - Parsing token 'TEFF=4250.0'.
1 - alxTestLD2UD - alx - Teff = 4250.000000
1 - alxTestLD2UD - alx - Parsing token 'LOGG=1.9780000000000002'.
1 - alxTestLD2UD - alx - LogG = 1.978000
1 - alxTestLD2UD - alx - alxShowUNIFORM_DIAMETERS()
1 - alxUNIFORM_DIAMETERS structure contains:
1 - 	ud.Teff = 4250.000000
1 - 	ud.LogG = 1.978000
1 - 	ud.b    = 1.070853
1 - 	ud.i    = 1.120631
1 - 	ud.j    = 1.136493
1 - 	ud.h    = 1.145990
1 - 	ud.k    = 1.152857
1 - 	ud.l    = 1.166467
1 - 	ud.n    = 1.176287
1 - 	ud.r    = 1.104676
1 - 	ud.u    = 1.064405
1 - 	ud.v    = 1.085926
1 - alxComputeUDFromLDAndSP(0.966557, "B7III"):
1 - alxTestLD2UD - alx - alxComputeUDFromLDAndSP()
1 - alxTestLD2UD - alx - alxFlushUNIFORM_DIAMETERS()
1 - alxTestLD2UD - alx - Parsing token 'UD_B=0.9267982925694637'.
1 - alxTestLD2UD - alx - UD_B = 0.926798
1 - alxTestLD2UD - alx - Parsing token 'UD_I=0.9457249828638256'.
1 - alxTestLD2UD - alx - UD_I = 0.945725
1 - alxTestLD2UD - alx - Parsing token 'UD_J=0.9516682594721824'.
1 - alxTestLD2UD - alx - UD_J = 0.951668
1 - alxTestLD2UD - alx - Parsing token 'UD_H=0.9549473158885856'.
1 - alxTestLD2UD - alx - UD_H = 0.954947
1 - alxTestLD2UD - alx - Parsing token 'UD_K=0.9569041036317799'.
1 - alxTestLD2UD - alx - UD_K = 0.956904
1 - alxTestLD2UD - alx - Parsing token 'UD_L=0.9613828878899683'.
1 - alxTestLD2UD - alx - UD_L = 0.961383
1 - alxTestLD2UD - alx - Parsing token 'UD_N=0.9638747492706458'.
1 - alxTestLD2UD - alx - UD_N = 0.963875
1 - alxTestLD2UD - alx - Parsing token 'UD_R=0.9399977464461128'.
1 - alxTestLD2UD - alx - UD_R = 0.939998
1 - alxTestLD2UD - alx - Parsing token 'UD_U=0.929952262154264'.
1 - alxTestLD2UD - alx - UD_U = 0.929952
1 - alxTestLD2UD - alx - Parsing token 'UD_V=0.9328316839959699'.
1 - alxTestLD2UD - alx - UD_V = 0.932832
1 - alxTestLD2UD - alx - Parsing token 'TEFF=12000.0'.
1 - alxTestLD2UD - alx - Teff = 12000.000000
1 - alxTestLD2UD - alx - Parsing token 'LOGG=3.378'.
1 - alxTestLD2UD - alx - LogG = 3.378000
1 - alxTestLD2UD - alx - alxShowUNIFORM_DIAMETERS()
1 - alxUNIFORM_DIAMETERS structure contains:
1 - 	ud.Teff = 12000.000000
1 - 	ud.LogG = 3.378000
1 - 	ud.b    = 0.926798
1 - 	ud.i    = 0.945725
1 - 	ud.j    = 0.951668
1 - 	ud.h    = 0.954947
1 - 	ud.k    = 0.956904
1 - 	ud.l    = 0.961383
1 - 	ud.n    = 0.963875
1 - 	ud.r    = 0.939998
1 - 	ud.u    = 0.929952
1 - 	ud.v    = 0.932832
1 - alxComputeUDFromLDAndSP(1.185, "ZERTY"):
1 - alxTestLD2UD - alx - alxComputeUDFromLDAndSP()
1 - alxTestLD2UD - err - errAddInStack(misc, 33)
1 - alxTestLD2UD - err - errAddInLocalStack_v()
1 - alxTestLD2UD - err - errResetLocalStack()
1 - alxTestLD2UD - err - Used error definition file '/home/users/lafrasse/dev/INTROOT/errors/miscErrors.xml'
1 - alxTestLD2UD - err - Used error definition file '/home/users/lafrasse/dev/INTROOT/errors/miscErrors.xml'
1 - alxTestLD2UD - err - Used error definition file '/home/users/lafrasse/dev/INTROOT/errors/miscErrors.xml'
1 - alxTestLD2UD - err - errPutInStack()
1 - alxTestLD2UD - err - 2011-02-23T15:53:26.232156 - misc alxTestLD2UD miscDynBuf.c:1171 33 S '/home/users/lafrasse/dev/INTROOT/bin//jmcsLD2UD 1.185000 "ZERTY"' command exited with status '1' : please use command's manpage for detailed information.
1 - 
1 - ERROR
1 - unknown - msg - msgSOCKET::~msgSOCKET(-1)
1 - unknown - msg - msgSOCKET::IsConnected()
