Starting...
-------------------------------------------------------

Star Name : North Pole

ra = 0.000000 radians
dec = 1.570796 radians
gLat = 27.130 degrees
gLon = 122.930 degrees
-------------------------------------------------------

Star Name : Kap Sco

ra = 4.635980 radians
dec = -0.681202 radians
gLat = -4.720 degrees
gLon = 351.040 degrees
-------------------------------------------------------

Star Name : Alf Aur

ra = 1.381821 radians
dec = 0.802817 radians
gLat = 4.570 degrees
gLon = 162.590 degrees
-------------------------------------------------------

Star Name : Alf Cru

ra = 3.257650 radians
dec = -1.101287 radians
gLat = -0.360 degrees
gLon = 300.120 degrees
-------------------------------------------------------

Star Name : Del Ori

ra = 1.448652 radians
dec = -0.005220 radians
gLat = -17.740 degrees
gLon = 203.850 degrees
-------------------------------------------------------

Star Name : Alf Umi

ra = 0.662432 radians
dec = 1.557953 radians
gLat = 26.460 degrees
gLon = 123.280 degrees
-------------------------------------------------------

Star Name : Lam Vel

ra = 2.391086 radians
dec = -0.758042 radians
gLat = 2.820 degrees
gLon = 265.930 degrees
-------------------------------------------------------

Star Name : Tet Sco

ra = 4.613421 radians
dec = -0.750454 radians
gLat = -5.980 degrees
gLon = 347.140 degrees
-------------------------------------------------------

Star Name : Alf Phe

ra = 0.114683 radians
dec = -0.738379 radians
gLat = -73.980 degrees
gLon = 320.000 degrees
-------------------------------------------------------

Star Name : Psi UMa

ra = 2.921957 radians
dec = 0.776645 radians
gLat = 63.230 degrees
gLon = 165.800 degrees
-------------------------------------------------------

Star Name : Gal Center

ra = 4.649557 radians
dec = -0.504982 radians
gLat = 0.000 degrees
gLon = -0.000 degrees
Exiting...
