1 - unknown - alx - Starting...
1 - alxTestGalacticCoordinates - alx - -------------------------------------------------------
1 - 
1 - alxTestGalacticCoordinates - alx - Star Name : North Pole
1 - 
1 - alxTestGalacticCoordinates - alx - ra = 0.000000 radians
1 - alxTestGalacticCoordinates - alx - dec = 1.570796 radians
1 - alxTestGalacticCoordinates - alx - gLat = 27.130 degrees
1 - alxTestGalacticCoordinates - alx - gLon = 122.930 degrees
1 - alxTestGalacticCoordinates - alx - -------------------------------------------------------
1 - 
1 - alxTestGalacticCoordinates - alx - Star Name : Kap Sco
1 - 
1 - alxTestGalacticCoordinates - alx - ra = 4.635980 radians
1 - alxTestGalacticCoordinates - alx - dec = -0.681202 radians
1 - alxTestGalacticCoordinates - alx - gLat = -4.720 degrees
1 - alxTestGalacticCoordinates - alx - gLon = 351.040 degrees
1 - alxTestGalacticCoordinates - alx - -------------------------------------------------------
1 - 
1 - alxTestGalacticCoordinates - alx - Star Name : Alf Aur
1 - 
1 - alxTestGalacticCoordinates - alx - ra = 1.381821 radians
1 - alxTestGalacticCoordinates - alx - dec = 0.802817 radians
1 - alxTestGalacticCoordinates - alx - gLat = 4.570 degrees
1 - alxTestGalacticCoordinates - alx - gLon = 162.590 degrees
1 - alxTestGalacticCoordinates - alx - -------------------------------------------------------
1 - 
1 - alxTestGalacticCoordinates - alx - Star Name : Alf Cru
1 - 
1 - alxTestGalacticCoordinates - alx - ra = 3.257650 radians
1 - alxTestGalacticCoordinates - alx - dec = -1.101287 radians
1 - alxTestGalacticCoordinates - alx - gLat = -0.360 degrees
1 - alxTestGalacticCoordinates - alx - gLon = 300.120 degrees
1 - alxTestGalacticCoordinates - alx - -------------------------------------------------------
1 - 
1 - alxTestGalacticCoordinates - alx - Star Name : Del Ori
1 - 
1 - alxTestGalacticCoordinates - alx - ra = 1.448652 radians
1 - alxTestGalacticCoordinates - alx - dec = -0.005220 radians
1 - alxTestGalacticCoordinates - alx - gLat = -17.740 degrees
1 - alxTestGalacticCoordinates - alx - gLon = 203.850 degrees
1 - alxTestGalacticCoordinates - alx - -------------------------------------------------------
1 - 
1 - alxTestGalacticCoordinates - alx - Star Name : Alf Umi
1 - 
1 - alxTestGalacticCoordinates - alx - ra = 0.662432 radians
1 - alxTestGalacticCoordinates - alx - dec = 1.557953 radians
1 - alxTestGalacticCoordinates - alx - gLat = 26.460 degrees
1 - alxTestGalacticCoordinates - alx - gLon = 123.280 degrees
1 - alxTestGalacticCoordinates - alx - -------------------------------------------------------
1 - 
1 - alxTestGalacticCoordinates - alx - Star Name : Lam Vel
1 - 
1 - alxTestGalacticCoordinates - alx - ra = 2.391086 radians
1 - alxTestGalacticCoordinates - alx - dec = -0.758042 radians
1 - alxTestGalacticCoordinates - alx - gLat = 2.820 degrees
1 - alxTestGalacticCoordinates - alx - gLon = 265.930 degrees
1 - alxTestGalacticCoordinates - alx - -------------------------------------------------------
1 - 
1 - alxTestGalacticCoordinates - alx - Star Name : Tet Sco
1 - 
1 - alxTestGalacticCoordinates - alx - ra = 4.613421 radians
1 - alxTestGalacticCoordinates - alx - dec = -0.750454 radians
1 - alxTestGalacticCoordinates - alx - gLat = -5.980 degrees
1 - alxTestGalacticCoordinates - alx - gLon = 347.140 degrees
1 - alxTestGalacticCoordinates - alx - -------------------------------------------------------
1 - 
1 - alxTestGalacticCoordinates - alx - Star Name : Alf Phe
1 - 
1 - alxTestGalacticCoordinates - alx - ra = 0.114683 radians
1 - alxTestGalacticCoordinates - alx - dec = -0.738379 radians
1 - alxTestGalacticCoordinates - alx - gLat = -73.980 degrees
1 - alxTestGalacticCoordinates - alx - gLon = 320.000 degrees
1 - alxTestGalacticCoordinates - alx - -------------------------------------------------------
1 - 
1 - alxTestGalacticCoordinates - alx - Star Name : Psi UMa
1 - 
1 - alxTestGalacticCoordinates - alx - ra = 2.921957 radians
1 - alxTestGalacticCoordinates - alx - dec = 0.776645 radians
1 - alxTestGalacticCoordinates - alx - gLat = 63.230 degrees
1 - alxTestGalacticCoordinates - alx - gLon = 165.800 degrees
1 - alxTestGalacticCoordinates - alx - -------------------------------------------------------
1 - 
1 - alxTestGalacticCoordinates - alx - Star Name : Gal Center
1 - 
1 - alxTestGalacticCoordinates - alx - ra = 4.649557 radians
1 - alxTestGalacticCoordinates - alx - dec = -0.504982 radians
1 - alxTestGalacticCoordinates - alx - gLat = 0.000 degrees
1 - alxTestGalacticCoordinates - alx - gLon = -0.000 degrees
1 - alxTestGalacticCoordinates - alx - Exiting...
