1 - sclsvrServer - alx - Sky coordinates (in degrees) : RA = -114.2 - DEC = -24.7
1 - sclsvrServer - alx - Magnitude range = [5.0..8.0]
1 - sclsvrServer - alx - ra = -1.992992 radians
1 - sclsvrServer - alx - dec = -0.430340 radians
1 - sclsvrServer - alx - gLat = 17.280 degrees
1 - sclsvrServer - alx - gLon = 352.360 degrees
1 - sclsvrServer - alx - GLat = 17.280001, GLon = 352.359985
1 - sclsvrServer - alx - Magnitude [5.0 - 8.0], range used => [5.5 - 8.0]
1 - sclsvrServer - alx - Number of estimated stars into 1 degree solid angle circle = 113
1 - sclsvrServer - alx - Nb of star for this sky area = 113
1 - sclsvrServer - alx - Sky research area size = 0.35 (deg)
1 - sclsvrServer - alx - Sky research radius = 19.96 (arcmin)
1 - sclsvrServer - sclsvr - Sky research radius = 19.96(arcmin)
1 - sclsvrServer - vobs - Consulting II/246/out ...
1 - sclsvrServer - vobs - Get XML document from 'http://vizier.u-strasbg.fr/viz-bin/asu-xml?-source=II/246/out&-c.ra=16:23:14.40&-c.dec=-24:39:24.0&Kmag=5.00..8.00&-out.max=150&-c.rm=20&-out.add=_RAJ2000&-out.add=_DEJ2000&-oc=hms&-out=2MASS&-out=*POS_GAL_LAT&-out=*POS_GAL_LON&-out=*CODE_QUALITY&-out=Jmag&-out=Hmag&-out=Kmag&-out=*PHOT_PHG_R&-out=*PHOT_PHG_B&-out=*PHOT_PHG_V&-out=*ID_CATALOG&-sort=_r&opt=%5bTU%5d&Qflg=AAA'
1 - sclsvrServer - vobs - ...number of stars return = 13
1 - sclsvrServer - vobs - after COPY, star list size = 13
1 - sclsvrServer - vobs - 13 star(s) found.
1 - sclsvrServer - sclsvr - New Sky research radius = 28.22(arcmin)
1 - sclsvrServer - vobs - Consulting II/246/out ...
1 - sclsvrServer - vobs - Get XML document from 'http://vizier.u-strasbg.fr/viz-bin/asu-xml?-source=II/246/out&-c.ra=16:23:14.40&-c.dec=-24:39:24.0&Kmag=5.00..8.00&-out.max=150&-c.rm=28&-out.add=_RAJ2000&-out.add=_DEJ2000&-oc=hms&-out=2MASS&-out=*POS_GAL_LAT&-out=*POS_GAL_LON&-out=*CODE_QUALITY&-out=Jmag&-out=Hmag&-out=Kmag&-out=*PHOT_PHG_R&-out=*PHOT_PHG_B&-out=*PHOT_PHG_V&-out=*ID_CATALOG&-sort=_r&opt=%5bTU%5d&Qflg=AAA'
1 - sclsvrServer - vobs - ...number of stars return = 24
1 - sclsvrServer - vobs - after COPY, star list size = 24
1 - sclsvrServer - vobs - after COPY, star list size = 24
1 - sclsvrServer - vobs - star 2MASS 16233842-2437312 has been removed by the filter 'Opt = T filter'
1 - sclsvrServer - vobs - star 2MASS 16234974-2441290 has been removed by the filter 'Opt = T filter'
1 - sclsvrServer - vobs - star 2MASS 16230939-2448360 has been removed by the filter 'Opt = T filter'
1 - sclsvrServer - vobs - star 2MASS 16235500-2441236 has been removed by the filter 'Opt = T filter'
1 - sclsvrServer - vobs - star 2MASS 16235551-2444240 has been removed by the filter 'Opt = T filter'
1 - sclsvrServer - vobs - star 2MASS 16222741-2447073 has been removed by the filter 'Opt = T filter'
1 - sclsvrServer - vobs - star 2MASS 16232693-2425291 has been removed by the filter 'Opt = T filter'
1 - sclsvrServer - vobs - star 2MASS 16221163-2441020 has been removed by the filter 'Opt = T filter'
1 - sclsvrServer - vobs - star 2MASS 16222442-2450188 has been removed by the filter 'Opt = T filter'
1 - sclsvrServer - vobs - star 2MASS 16223621-2423315 has been removed by the filter 'Opt = T filter'
1 - sclsvrServer - vobs - star 2MASS 16220278-2452487 has been removed by the filter 'Opt = T filter'
1 - sclsvrServer - vobs - star 2MASS 16223565-2458334 has been removed by the filter 'Opt = T filter'
1 - sclsvrServer - vobs - star 2MASS 16223249-2500322 has been removed by the filter 'Opt = T filter'
1 - sclsvrServer - vobs - star 2MASS 16250148-2428588 has been removed by the filter 'Opt = T filter'
1 - sclsvrServer - vobs - star 2MASS 16232905-2412411 has been removed by the filter 'Opt = T filter'
1 - sclsvrServer - vobs - star 2MASS 16244680-2422210 has been removed by the filter 'Opt = T filter'
1 - sclsvrServer - vobs - star 2MASS 16243738-2419009 has been removed by the filter 'Opt = T filter'
1 - sclsvrServer - vobs - star 2MASS 16211448-2445100 has been removed by the filter 'Opt = T filter'
1 - sclsvrServer - vobs - after FILTER, star list size = 6
1 - sclsvrServer - vobs - after COPY, star list size = 24
1 - sclsvrServer - vobs - star 2MASS 16230768-2442340 has been removed by the filter 'Opt = U filter'
1 - sclsvrServer - vobs - star 2MASS 16223672-2422586 has been removed by the filter 'Opt = U filter'
1 - sclsvrServer - vobs - star 2MASS 16215769-2429433 has been removed by the filter 'Opt = U filter'
1 - sclsvrServer - vobs - star 2MASS 16221989-2421482 has been removed by the filter 'Opt = U filter'
1 - sclsvrServer - vobs - star 2MASS 16242132-2501314 has been removed by the filter 'Opt = U filter'
1 - sclsvrServer - vobs - star 2MASS 16215546-2459284 has been removed by the filter 'Opt = U filter'
1 - sclsvrServer - vobs - after FILTER, star list size = 18
1 - sclsvrServer - vobs - Consulting I/280 ...
1 - sclsvrServer - vobs - Get XML document from 'http://vizier.u-strasbg.fr/viz-bin/asu-xml?-source=I/280&-file=-c&-c.eq=J2000&-c.r=5&-c.u=arcsec&-out.max=50&-out.add=_RAJ2000,_DEJ2000&-oc=hms&-out=*POS_EQ_PMDEC&-out=*POS_EQ_PMRA&-out=*POS_PARLX_TRIG&-out=e_Plx&-out=*SPECT_TYPE_MK&-out=*PHOT_JHN_B&-out=*PHOT_JHN_V&-out=v1&-out=v2&-out=v3&-out=d5&-out=HIP&-out=HD&-out=DM&-out=TYC1&-out=TYC2&-out=TYC3&-sort=_r&-out.form=List&-c=%3C%3C%3D%3D%3D%3Dresult1%5F280%2Etxt&16+23+07.69-24+42+34.0&+16+22+36.73-24+22+58.6&+16+21+57.69-24+29+43.3&+16+22+19.90-24+21+48.2&+16+24+21.32-25+01+31.4&+16+21+55.46-24+59+28.4&%3D%3D%3D%3Dresult1%5F280%2Etxt'
1 - sclsvrServer - vobs - ...number of stars return = 6
1 - sclsvrServer - vobs - after COPY, star list size = 5
1 - sclsvrServer - vobs - Consulting I/284 ...
1 - sclsvrServer - vobs - Get XML document from 'http://vizier.u-strasbg.fr/viz-bin/asu-xml?-source=I/284&-file=-c&-c.eq=J2000&-c.r=5&-c.u=arcsec&-out.max=50&-out.add=_RAJ2000,_DEJ2000&-oc=hms&-out=*POS_EQ_PMDEC&-out=*POS_EQ_PMRA&-out=*PHOT_PHG_I&-out=*PHOT_PHG_R&-out=*PHOT_PHG_B&-sort=_r&-out.form=List&-c=%3C%3C%3D%3D%3D%3Dresult1%5F280%2Etxt&16+23+38.42-24+37+31.2&+16+23+49.75-24+41+29.1&+16+23+09.40-24+48+36.0&+16+23+55.00-24+41+23.6&+16+23+55.51-24+44+24.0&+16+22+27.41-24+47+07.3&+16+23+26.93-24+25+29.2&+16+22+11.63-24+41+02.0&+16+22+24.42-24+50+18.8&+16+22+36.21-24+23+31.6&+16+22+02.79-24+52+48.8&+16+22+35.66-24+58+33.4&+16+22+32.49-25+00+32.2&+16+25+01.49-24+28+58.8&+16+23+29.05-24+12+41.1&+16+24+46.80-24+22+21.1&+16+24+37.38-24+19+01.0&+16+21+14.48-24+45+10.0&%3D%3D%3D%3Dresult1%5F280%2Etxt'
1 - sclsvrServer - vobs - ...number of stars return = 23
1 - sclsvrServer - vobs - after COPY, star list size = 18
1 - sclsvrServer - vobs - after MERGE, star list size = 23
1 - sclsvrServer - vobs - after UPDATE_ONLY, star list size = 23
1 - sclsvrServer - vobs - Consulting B/denis ...
1 - sclsvrServer - vobs - Get XML document from 'http://vizier.u-strasbg.fr/viz-bin/asu-xml?-source=B/denis&-file=-c&-c.eq=J2000&-c.r=5&-c.u=arcsec&-out.max=50&-out.add=_RAJ2000,_DEJ2000&-oc=hms&-out=*POS_EQ_RA_OTHER&-out=*POS_EQ_DEC_OTHER&-out=*PHOT_COUS_I&-out=*PHOT_PHG_R&-out=*PHOT_PHG_B&-out=Iflg&-out=DENIS&-out.form=List&-c=%3C%3C%3D%3D%3D%3Dresult1%5F280%2Etxt&16+22+36.73-24+22+58.7&+16+21+57.69-24+29+43.5&+16+22+19.88-24+21+48.2&+16+24+21.32-25+01+31.4&+16+21+55.44-24+59+28.7&+16+23+38.44-24+37+31.1&+16+23+49.77-24+41+28.9&+16+23+09.39-24+48+36.0&+16+23+55.01-24+41+23.4&+16+23+55.52-24+44+23.8&+16+22+27.41-24+47+07.6&+16+23+26.94-24+25+29.0&+16+22+11.64-24+41+01.7&+16+22+24.43-24+50+18.5&+16+22+36.27-24+23+30.5&+16+22+02.78-24+52+48.7&+16+22+35.67-24+58+33.4&+16+22+32.50-25+00+32.0&+16+25+01.50-24+28+58.9&+16+23+29.05-24+12+41.1&+16+24+46.82-24+22+21.5&+16+24+37.37-24+19+00.7&+16+21+14.47-24+45+09.1&%3D%3D%3D%3Dresult1%5F280%2Etxt'
1 - sclsvrServer - vobs - ...number of stars return = 19
1 - sclsvrServer - vobs - after UPDATE_ONLY, star list size = 23
1 - sclsvrServer - vobs - Consulting J/A+A/386/492/charm ...
1 - sclsvrServer - vobs - Get XML document from 'http://vizier.u-strasbg.fr/viz-bin/asu-xml?-source=J/A+A/431/773/charm2&-file=-c&-c.eq=J2000&-c.r=5&-c.u=arcsec&-out.max=50&-out.add=_RAJ2000,_DEJ2000&-oc=hms&-out=LD&-out=e_LD&-out=UD&-out=e_UD&-out=Method&-out=Lambda&-out=Kmag&-out=Vmag&-out=*PHOT_JHN_B&Method=,LBI,LO,SPE&-out.form=List&-c=%3C%3C%3D%3D%3D%3Dresult1%5F280%2Etxt&16+22+36.73-24+22+58.7&+16+21+57.69-24+29+43.5&+16+22+19.88-24+21+48.2&+16+24+21.32-25+01+31.4&+16+21+55.44-24+59+28.7&+16+23+38.44-24+37+31.1&+16+23+49.77-24+41+28.9&+16+23+09.39-24+48+36.0&+16+23+55.01-24+41+23.4&+16+23+55.52-24+44+23.8&+16+22+27.41-24+47+07.6&+16+23+26.94-24+25+29.0&+16+22+11.64-24+41+01.7&+16+22+24.43-24+50+18.5&+16+22+36.27-24+23+30.5&+16+22+02.78-24+52+48.7&+16+22+35.67-24+58+33.4&+16+22+32.50-25+00+32.0&+16+25+01.50-24+28+58.9&+16+23+29.05-24+12+41.1&+16+24+46.82-24+22+21.5&+16+24+37.37-24+19+00.7&+16+21+14.47-24+45+09.1&%3D%3D%3D%3Dresult1%5F280%2Etxt'
1 - sclsvrServer - vobs - ...number of stars return = 1
1 - sclsvrServer - vobs - after UPDATE_ONLY, star list size = 23
1 - sclsvrServer - vobs - 23 star(s) found.
1 - sclsvrServer - vobs - Number of stars found : 23
1 - sclsvrServer - alx - ra = -1.995731 radians
1 - sclsvrServer - alx - dec = -0.425563 radians
1 - sclsvrServer - alx - gLat = 17.570 degrees
1 - sclsvrServer - alx - gLon = 352.480 degrees
1 - sclsvrServer - sclsvr - star HD 147384 - paralax 7.21(1.12) is OK...
1 - sclsvrServer - alx - Galactic longitude          = 352.480
1 - sclsvrServer - alx - Distance                    = 0.139
1 - sclsvrServer - alx - Extinction coefficient in V = 0.141
1 - sclsvrServer - alx - Corrected magnitude[0] = 8.784
1 - sclsvrServer - alx - Corrected magnitude[1] = 8.498
1 - sclsvrServer - alx - Corrected magnitude[2] = 8.554
1 - sclsvrServer - alx - Corrected magnitude[3] = 8.931
1 - sclsvrServer - alx - Corrected magnitude[4] = 7.430
1 - sclsvrServer - alx - Corrected magnitude[5] = 7.218
1 - sclsvrServer - alx - Corrected magnitude[6] = 7.165
1 - sclsvrServer - alx - Type spectral = A0V
1 - sclsvrServer - alx - 	Code              = A
1 - sclsvrServer - alx - 	Sub-type Quantity = 0.000000
1 - sclsvrServer - alx - 	Light class       = V
1 - sclsvrServer - alx - Type of star = DWARF
1 - sclsvrServer - alx - Inferior line = 13
1 - sclsvrServer - alx - Superior line = 14
1 - sclsvrServer - alx - 0.000000 < J-K (0.265000) < 0.000000
1 - sclsvrServer - alx - Ratio = 0.500000
1 - sclsvrServer - alx - J = 7.430
1 - sclsvrServer - alx - K = 7.165
1 - sclsvrServer - alx - R = 8.554 (2)
1 - sclsvrServer - alx - I = 8.931 (2)
1 - sclsvrServer - alx - B = 8.784 (2)
1 - sclsvrServer - alx - H = 7.218 (2)
1 - sclsvrServer - alx - V = 8.498 (2)
1 - sclsvrServer - alx - L = 0.000 (-1)
1 - sclsvrServer - alx - M = 0.000 (-1)
1 - sclsvrServer - alx - Corrected magnitude[B] = 8.970
1 - sclsvrServer - alx - Corrected magnitude[V] = 8.639
1 - sclsvrServer - alx - Corrected magnitude[R] = 8.659
1 - sclsvrServer - alx - Corrected magnitude[I] = 9.002
1 - sclsvrServer - alx - Corrected magnitude[J] = 7.822
1 - sclsvrServer - alx - Corrected magnitude[H] = 7.242
1 - sclsvrServer - alx - Corrected magnitude[K] = 7.181
1 - sclsvrServer - alx - Corrected magnitude[L] = 0.000
1 - sclsvrServer - alx - Corrected magnitude[M] = 0.000
1 - sclsvrServer - alx - miscDynBufGetNextLine() = 'B-V	0.3382261700	0.7617288800	0.16990933000	-0.08031590000	0.36842746	0.00000000	8.0'
1 - sclsvrServer - alx - miscDynBufGetNextLine() = 'V-R	0.2997451400	0.9046990900	-0.0438167000	2.325642200000	-1.4324917	0.43618476	9.7'
1 - sclsvrServer - alx - miscDynBufGetNextLine() = 'V-K	0.3256192500	0.3146731600	0.09401181000	-0.01874460000	0.00818989	0.00000000	6.9'
1 - sclsvrServer - alx - miscDynBufGetNextLine() = 'I-J	0.3412554562	0.4149735570	0.57802319530	-0.03687291592	0.00000000	0.00000000	7.2'
1 - sclsvrServer - alx - miscDynBufGetNextLine() = 'I-K	0.3606650830	0.2490890030	0.11209475200	0.032334342600	0.00000000	0.00000000	7.1	'
1 - sclsvrServer - alx - miscDynBufGetNextLine() = 'J-H	0.3179209232	1.3272583480	-3.6143617630	5.796453476000	0.00000000	0.00000000	17.3'
1 - sclsvrServer - alx - miscDynBufGetNextLine() = 'J-K	0.3017810881	0.6995268464	0.02501036786	0.164360210300	0.00000000	0.00000000	9.7'
1 - sclsvrServer - alx - miscDynBufGetNextLine() = 'H-K	0.3909413815	2.1432867050	0.11670034380	-10.9061060000	0.00000000	0.00000000	12.5'
1 - ../bin/sclsvrTestFaint_Elia_2-64: line 15: 15374 Erreur de segmentation  sclsvrServer -v 3 -noDate -noFileLine GETCAL "-objectName Elia_2-64 -ra 16 23 14.40 -dec -24 39 24.00 -mag 4.0 -band K -minMagRange 5 -maxMagRange 8 -wlen 2.2 -baseMax 102.45 -bright false"
