1 - sclsvrServer - alx - Sky coordinates (in degrees) : RA = 146.3 - DEC = -62.5
1 - sclsvrServer - alx - Magnitude range = [5.5..7.5]
1 - sclsvrServer - alx - ra = 2.553621 radians
1 - sclsvrServer - alx - dec = -1.090969 radians
1 - sclsvrServer - alx - gLat = -7.010 degrees
1 - sclsvrServer - alx - gLon = 283.200 degrees
1 - sclsvrServer - alx - GLat = -7.010000, GLon = 283.200012
1 - sclsvrServer - alx - Magnitude [5.5 - 7.5], range used => [5.5 - 7.5]
1 - sclsvrServer - alx - Number of estimated stars into 1 degree solid angle circle = 159
1 - sclsvrServer - alx - Nb of star for this sky area = 159
1 - sclsvrServer - alx - Sky research area size = 0.25 (deg)
1 - sclsvrServer - alx - Sky research radius = 16.82 (arcmin)
1 - sclsvrServer - sclsvr - Sky research radius = 16.82(arcmin)
1 - sclsvrServer - vobs - Consulting II/246/out ...
1 - sclsvrServer - vobs - Get XML document from 'http://vizier.u-strasbg.fr/viz-bin/asu-xml?-source=II/246/out&-c.ra=09:45:14.81&-c.dec=-62:30:28.5&Kmag=5.50..7.50&-out.max=150&-c.rm=17&-out.add=_RAJ2000&-out.add=_DEJ2000&-oc=hms&-out=2MASS&-out=*POS_GAL_LAT&-out=*POS_GAL_LON&-out=*CODE_QUALITY&-out=Jmag&-out=Hmag&-out=Kmag&-out=*PHOT_PHG_R&-out=*PHOT_PHG_B&-out=*PHOT_PHG_V&-out=*ID_CATALOG&-sort=_r&opt=%5bTU%5d&Qflg=AAA'
1 - sclsvrServer - vobs - ...number of stars return = 8
1 - sclsvrServer - vobs - after COPY, star list size = 8
1 - sclsvrServer - vobs - 8 star(s) found.
1 - sclsvrServer - sclsvr - New Sky research radius = 23.79(arcmin)
1 - sclsvrServer - vobs - Consulting II/246/out ...
1 - sclsvrServer - vobs - Get XML document from 'http://vizier.u-strasbg.fr/viz-bin/asu-xml?-source=II/246/out&-c.ra=09:45:14.81&-c.dec=-62:30:28.5&Kmag=5.50..7.50&-out.max=150&-c.rm=24&-out.add=_RAJ2000&-out.add=_DEJ2000&-oc=hms&-out=2MASS&-out=*POS_GAL_LAT&-out=*POS_GAL_LON&-out=*CODE_QUALITY&-out=Jmag&-out=Hmag&-out=Kmag&-out=*PHOT_PHG_R&-out=*PHOT_PHG_B&-out=*PHOT_PHG_V&-out=*ID_CATALOG&-sort=_r&opt=%5bTU%5d&Qflg=AAA'
1 - sclsvrServer - vobs - ...number of stars return = 21
1 - sclsvrServer - vobs - after COPY, star list size = 21
1 - sclsvrServer - vobs - after COPY, star list size = 21
1 - sclsvrServer - vobs - star 2MASS 09442124-6234058 has been removed by the filter 'Opt = T filter'
1 - sclsvrServer - vobs - star 2MASS 09444393-6238493 has been removed by the filter 'Opt = T filter'
1 - sclsvrServer - vobs - star 2MASS 09463059-6235498 has been removed by the filter 'Opt = T filter'
1 - sclsvrServer - vobs - star 2MASS 09440870-6239201 has been removed by the filter 'Opt = T filter'
1 - sclsvrServer - vobs - star 2MASS 09470429-6235067 has been removed by the filter 'Opt = T filter'
1 - sclsvrServer - vobs - star 2MASS 09443987-6246300 has been removed by the filter 'Opt = T filter'
1 - sclsvrServer - vobs - star 2MASS 09450078-6248051 has been removed by the filter 'Opt = T filter'
1 - sclsvrServer - vobs - star 2MASS 09474007-6223468 has been removed by the filter 'Opt = T filter'
1 - sclsvrServer - vobs - star 2MASS 09422430-6232444 has been removed by the filter 'Opt = T filter'
1 - sclsvrServer - vobs - star 2MASS 09425901-6218142 has been removed by the filter 'Opt = T filter'
1 - sclsvrServer - vobs - star 2MASS 09454582-6210136 has been removed by the filter 'Opt = T filter'
1 - sclsvrServer - vobs - star 2MASS 09454982-6252549 has been removed by the filter 'Opt = T filter'
1 - sclsvrServer - vobs - after FILTER, star list size = 9
1 - sclsvrServer - vobs - after COPY, star list size = 21
1 - sclsvrServer - vobs - star 2MASS 09464244-6242339 has been removed by the filter 'Opt = U filter'
1 - sclsvrServer - vobs - star 2MASS 09465863-6219576 has been removed by the filter 'Opt = U filter'
1 - sclsvrServer - vobs - star 2MASS 09424791-6227352 has been removed by the filter 'Opt = U filter'
1 - sclsvrServer - vobs - star 2MASS 09471464-6243239 has been removed by the filter 'Opt = U filter'
1 - sclsvrServer - vobs - star 2MASS 09423497-6224398 has been removed by the filter 'Opt = U filter'
1 - sclsvrServer - vobs - star 2MASS 09454165-6249373 has been removed by the filter 'Opt = U filter'
1 - sclsvrServer - vobs - star 2MASS 09474304-6219567 has been removed by the filter 'Opt = U filter'
1 - sclsvrServer - vobs - star 2MASS 09472600-6244305 has been removed by the filter 'Opt = U filter'
1 - sclsvrServer - vobs - star 2MASS 09423422-6244556 has been removed by the filter 'Opt = U filter'
1 - sclsvrServer - vobs - after FILTER, star list size = 12
1 - sclsvrServer - vobs - Consulting I/280 ...
1 - sclsvrServer - vobs - Get XML document from 'http://vizier.u-strasbg.fr/viz-bin/asu-xml?-source=I/280&-file=-c&-c.eq=J2000&-c.r=5&-c.u=arcsec&-out.max=50&-out.add=_RAJ2000,_DEJ2000&-oc=hms&-out=*POS_EQ_PMDEC&-out=*POS_EQ_PMRA&-out=*POS_PARLX_TRIG&-out=e_Plx&-out=*SPECT_TYPE_MK&-out=*PHOT_JHN_B&-out=*PHOT_JHN_V&-out=v1&-out=v2&-out=v3&-out=d5&-out=HIP&-out=HD&-out=DM&-out=TYC1&-out=TYC2&-out=TYC3&-sort=_r&-out.form=List&-c=%3C%3C%3D%3D%3D%3Dresult1%5F280%2Etxt&09+46+42.45-62+42+34.0&+09+46+58.63-62+19+57.7&+09+42+47.92-62+27+35.3&+09+47+14.65-62+43+24.0&+09+42+34.98-62+24+39.9&+09+45+41.65-62+49+37.3&+09+47+43.04-62+19+56.8&+09+47+26.01-62+44+30.5&+09+42+34.23-62+44+55.6&%3D%3D%3D%3Dresult1%5F280%2Etxt'
1 - sclsvrServer - vobs - ...number of stars return = 9
1 - sclsvrServer - vobs - after COPY, star list size = 9
1 - sclsvrServer - vobs - Consulting I/284 ...
1 - sclsvrServer - vobs - Get XML document from 'http://vizier.u-strasbg.fr/viz-bin/asu-xml?-source=I/284&-file=-c&-c.eq=J2000&-c.r=5&-c.u=arcsec&-out.max=50&-out.add=_RAJ2000,_DEJ2000&-oc=hms&-out=*POS_EQ_PMDEC&-out=*POS_EQ_PMRA&-out=*PHOT_PHG_I&-out=*PHOT_PHG_R&-out=*PHOT_PHG_B&-sort=_r&-out.form=List&-c=%3C%3C%3D%3D%3D%3Dresult1%5F280%2Etxt&09+44+21.24-62+34+05.8&+09+44+43.93-62+38+49.4&+09+46+30.60-62+35+49.9&+09+44+08.70-62+39+20.2&+09+47+04.30-62+35+06.8&+09+44+39.88-62+46+30.0&+09+45+00.79-62+48+05.1&+09+47+40.07-62+23+46.8&+09+42+24.30-62+32+44.4&+09+42+59.01-62+18+14.2&+09+45+45.82-62+10+13.6&+09+45+49.83-62+52+55.0&%3D%3D%3D%3Dresult1%5F280%2Etxt'
1 - sclsvrServer - vobs - ...number of stars return = 24
1 - sclsvrServer - vobs - after COPY, star list size = 12
1 - sclsvrServer - vobs - after MERGE, star list size = 21
1 - sclsvrServer - vobs - after UPDATE_ONLY, star list size = 21
1 - sclsvrServer - vobs - Consulting B/denis ...
1 - sclsvrServer - vobs - Get XML document from 'http://vizier.u-strasbg.fr/viz-bin/asu-xml?-source=B/denis&-file=-c&-c.eq=J2000&-c.r=5&-c.u=arcsec&-out.max=50&-out.add=_RAJ2000,_DEJ2000&-oc=hms&-out=*POS_EQ_RA_OTHER&-out=*POS_EQ_DEC_OTHER&-out=*PHOT_COUS_I&-out=*PHOT_PHG_R&-out=*PHOT_PHG_B&-out=Iflg&-out=DENIS&-out.form=List&-c=%3C%3C%3D%3D%3D%3Dresult1%5F280%2Etxt&09+46+42.45-62+42+34.1&+09+46+58.63-62+19+57.7&+09+42+47.92-62+27+35.2&+09+47+14.61-62+43+24.4&+09+42+34.98-62+24+40.1&+09+45+41.65-62+49+37.3&+09+47+43.05-62+19+56.9&+09+47+26.00-62+44+30.5&+09+42+34.22-62+44+55.7&+09+44+21.21-62+34+05.6&+09+44+43.97-62+38+48.1&+09+46+30.60-62+35+50.8&+09+44+08.69-62+39+19.9&+09+47+04.33-62+35+06.4&+09+44+39.79-62+46+29.8&+09+45+00.88-62+48+04.9&+09+47+40.09-62+23+46.6&+09+42+24.40-62+32+45.9&+09+42+58.99-62+18+14.3&+09+45+45.78-62+10+13.2&+09+45+49.86-62+52+54.9&%3D%3D%3D%3Dresult1%5F280%2Etxt'
1 - sclsvrServer - vobs - ...number of stars return = 28
1 - sclsvrServer - vobs - after UPDATE_ONLY, star list size = 21
1 - sclsvrServer - vobs - Consulting J/A+A/386/492/charm ...
1 - sclsvrServer - vobs - Get XML document from 'http://vizier.u-strasbg.fr/viz-bin/asu-xml?-source=J/A+A/431/773/charm2&-file=-c&-c.eq=J2000&-c.r=5&-c.u=arcsec&-out.max=50&-out.add=_RAJ2000,_DEJ2000&-oc=hms&-out=LD&-out=e_LD&-out=UD&-out=e_UD&-out=Method&-out=Lambda&-out=Kmag&-out=Vmag&-out=*PHOT_JHN_B&Method=,LBI,LO,SPE&-out.form=List&-c=%3C%3C%3D%3D%3D%3Dresult1%5F280%2Etxt&09+46+42.45-62+42+34.1&+09+46+58.63-62+19+57.7&+09+42+47.92-62+27+35.2&+09+47+14.61-62+43+24.4&+09+42+34.98-62+24+40.1&+09+45+41.65-62+49+37.3&+09+47+43.05-62+19+56.9&+09+47+26.00-62+44+30.5&+09+42+34.22-62+44+55.7&+09+44+21.21-62+34+05.6&+09+44+43.97-62+38+48.1&+09+46+30.60-62+35+50.8&+09+44+08.69-62+39+19.9&+09+47+04.33-62+35+06.4&+09+44+39.79-62+46+29.8&+09+45+00.88-62+48+04.9&+09+47+40.09-62+23+46.6&+09+42+24.40-62+32+45.9&+09+42+58.99-62+18+14.3&+09+45+45.78-62+10+13.2&+09+45+49.86-62+52+54.9&%3D%3D%3D%3Dresult1%5F280%2Etxt'
1 - sclsvrServer - vobs - ...number of stars return = 21
1 - sclsvrServer - vobs - after UPDATE_ONLY, star list size = 21
1 - sclsvrServer - vobs - 21 star(s) found.
1 - sclsvrServer - vobs - Number of stars found : 21
1 - sclsvrServer - alx - ra = 2.559994 radians
1 - sclsvrServer - alx - dec = -1.094487 radians
1 - sclsvrServer - alx - gLat = -7.050 degrees
1 - sclsvrServer - alx - gLon = 283.460 degrees
1 - sclsvrServer - sclsvr - star HD 85026 - paralax 5.90(3.20) is not valid...
1 - sclsvrServer - alx - Corrected magnitude[0] = 7.950
1 - sclsvrServer - alx - Corrected magnitude[1] = 7.740
1 - sclsvrServer - alx - Corrected magnitude[2] = 7.740
1 - sclsvrServer - alx - Corrected magnitude[3] = 8.816
1 - sclsvrServer - alx - Corrected magnitude[4] = 7.308
1 - sclsvrServer - alx - Corrected magnitude[5] = 7.188
1 - sclsvrServer - alx - Corrected magnitude[6] = 7.158
1 - sclsvrServer - alx - Type spectral = A3
1 - sclsvrServer - alx - 	Code              = A
1 - sclsvrServer - alx - 	Sub-type Quantity = 3.000000
1 - sclsvrServer - alx - 	Light class       = 
1 - sclsvrServer - alx - Type of star = DWARF
1 - sclsvrServer - alx - Inferior line = 16
1 - sclsvrServer - alx - Superior line = 17
1 - sclsvrServer - alx - 0.020000 < J-K (0.150000) < 0.060000
1 - sclsvrServer - alx - Ratio = 3.250002
1 - sclsvrServer - alx - J = 7.308
1 - sclsvrServer - alx - K = 7.158
1 - sclsvrServer - alx - R = 7.740 (2)
1 - sclsvrServer - alx - I = 8.816 (2)
1 - sclsvrServer - alx - B = 7.950 (2)
1 - sclsvrServer - alx - H = 7.188 (2)
1 - sclsvrServer - alx - V = 7.740 (2)
1 - sclsvrServer - alx - L = 0.000 (-1)
1 - sclsvrServer - alx - M = 0.000 (-1)
1 - sclsvrServer - alx - Corrected magnitude[B] = 7.950
1 - sclsvrServer - alx - Corrected magnitude[V] = 7.740
1 - sclsvrServer - alx - Corrected magnitude[R] = 7.740
1 - sclsvrServer - alx - Corrected magnitude[I] = 8.816
1 - sclsvrServer - alx - Corrected magnitude[J] = 7.308
1 - sclsvrServer - alx - Corrected magnitude[H] = 7.188
1 - sclsvrServer - alx - Corrected magnitude[K] = 7.158
1 - sclsvrServer - alx - Corrected magnitude[L] = 0.000
1 - sclsvrServer - alx - Corrected magnitude[M] = 0.000
1 - sclsvrServer - sclsvr - star HD 85026 - computing diameter without absorption...
1 - sclsvrServer - alx - miscDynBufGetNextLine() = 'B-V	0.3382261700	0.7617288800	0.16990933000	-0.08031590000	0.36842746	0.00000000	8.0'
1 - sclsvrServer - alx - miscDynBufGetNextLine() = 'V-R	0.2997451400	0.9046990900	-0.0438167000	2.325642200000	-1.4324917	0.43618476	9.7'
1 - sclsvrServer - alx - miscDynBufGetNextLine() = 'V-K	0.3256192500	0.3146731600	0.09401181000	-0.01874460000	0.00818989	0.00000000	6.9'
1 - sclsvrServer - alx - miscDynBufGetNextLine() = 'I-J	0.3412554562	0.4149735570	0.57802319530	-0.03687291592	0.00000000	0.00000000	7.2'
1 - sclsvrServer - alx - miscDynBufGetNextLine() = 'I-K	0.3606650830	0.2490890030	0.11209475200	0.032334342600	0.00000000	0.00000000	7.1	'
1 - sclsvrServer - alx - miscDynBufGetNextLine() = 'J-H	0.3179209232	1.3272583480	-3.6143617630	5.796453476000	0.00000000	0.00000000	17.3'
1 - sclsvrServer - alx - miscDynBufGetNextLine() = 'J-K	0.3017810881	0.6995268464	0.02501036786	0.164360210300	0.00000000	0.00000000	9.7'
1 - sclsvrServer - alx - miscDynBufGetNextLine() = 'H-K	0.3909413815	2.1432867050	0.11670034380	-10.9061060000	0.00000000	0.00000000	12.5'
1 - ../bin/sclsvrTestFaint_L_Car: line 21: 15412 Erreur de segmentation  sclsvrServer -v 3 -noDate -noFileLine GETCAL "-objectName l_Car -ra 09:45:14.811 -dec -62:30:28.451 -mag 6.5 -band K -minMagRange 5.5 -maxMagRange 7.5 -wlen 2.2 -baseMax 130.2306 -bright false"
