1 - vobsTestStar - vobs - Starting ...
1 - HD	HIP	DM	TYC1	TYC2	TYC3	opt	2MASS	RAJ2000	DEJ2000	DENIS	A2RAdeg	A2DEdeg	pmRa	pmDec	plx	e_Plx	SpType	VarFlag1	VarFlag2	VarFlag3	MultFlag	BinFlag	SBC9	WDS	sep1	sep2	Iflag	Jflag	Kflag	Qflag	GLAT	GLON	RadVel	RotVel	LD	e_LD	UD	e_UD	UDDK	e_UDDK	Dia12	e_dia12	Meth	lambda	lambda	photflux	units	B	Bphg	V	Vphg	R	Rphg	I	Iphg	Icous	J	H	K	L	M	N	color	orig	F12	e_F12	Calib	Teff	e_Teff	A_V	Chi2	SpTyp_Teff	
1 - vobsTestStar - vobs - ra (deg) = -56.871166
1 - vobsTestStar - vobs - dec (deg) = 24.105139
1 - -	-	-	-	-	-	-	-	-03 47 29.08	24 06 18.5	-	-	-	-	-	-	-	-	-	-	-	-	-	-	-	-	-	-	-	-	-	-	-	-	-	-	-	-	-	-	-	-	-	-	-	-	-	-	-	-	-	-	-	-	-	-	-	-	-	-	-	-	-	-	-	-	-	-	-	-	-	-	-	
1 - vobsTestStar - vobs - Exiting ...
