1 - vobsTestMidiCatalog -   vobs - Info  - Starting...
1 - vobsTestMidiCatalog -   vobs - Info  - object name      = ETA TAU
1 - vobsTestMidiCatalog -   vobs - Info  - object ra        = 00 09 24.64
1 - vobsTestMidiCatalog -   vobs - Info  - object dec       = -45 44 50.7
1 - vobsTestMidiCatalog -   vobs - Info  - object magnitude = 2.500000
1 - vobsTestMidiCatalog -   vobs - Info  - search band      = N
1 - vobsTestMidiCatalog -   vobs - Info  - delta ra         = 15.000000
1 - vobsTestMidiCatalog -   vobs - Info  - delta dec        = 5.000000
1 - vobsTestMidiCatalog -   vobs - Info  - min mag range    = 0.050000
1 - vobsTestMidiCatalog -   vobs - Info  - max mag range    = 0.200000
1 - vobsTestMidiCatalog -   vobs - Test  - vobsSTAR has defined 72 properties.
1 - vobsTestMidiCatalog -   vobs - Test  - Extract: Property / Parameter mapping for catalog 'MIDI':
1 - vobsTestMidiCatalog -   vobs - Test  - Extract: Property 'HD' [ID_HD] found for parameter 'HD' (UCD = 'ID_HD')
1 - vobsTestMidiCatalog -   vobs - Test  - Extract: Property 'RAJ2000' [POS_EQ_RA_MAIN] found for parameter 'RAJ2000' (UCD = 'POS_EQ_RA_MAIN')
1 - vobsTestMidiCatalog -   vobs - Test  - Extract: Property 'DEJ2000' [POS_EQ_DEC_MAIN] found for parameter 'DEJ2000' (UCD = 'POS_EQ_DEC_MAIN')
1 - vobsTestMidiCatalog -   vobs - Test  - Extract: Property 'orig' [IR_FLUX_ORIGIN] found for parameter 'orig' (UCD = 'IR_FLUX_ORIGIN')
1 - vobsTestMidiCatalog -   vobs - Test  - Extract: Property 'SpType' [SPECT_TYPE_MK] found for parameter 'SpType' (UCD = 'SPECT_TYPE_MK')
1 - vobsTestMidiCatalog -   vobs - Test  - Extract: Property 'plx' [POS_PARLX_TRIG] found for parameter 'Plx' (UCD = 'POS_PARLX_TRIG')
1 - vobsTestMidiCatalog -   vobs - Test  - Extract: Property 'e_Plx' [POS_PARLX_TRIG_ERROR] found for parameter 'e_Plx' (UCD = 'POS_PARLX_TRIG_ERROR')
1 - vobsTestMidiCatalog -   vobs - Test  - Extract: Property 'pmRa' [POS_EQ_PMRA] found for parameter 'pmRA' (UCD = 'POS_EQ_PMRA')
1 - vobsTestMidiCatalog -   vobs - Test  - Extract: Property 'pmDec' [POS_EQ_PMDEC] found for parameter 'pmDE' (UCD = 'POS_EQ_PMDEC')
1 - vobsTestMidiCatalog -   vobs - Test  - Extract: Property 'V' [PHOT_JHN_V] found for parameter 'Vmag' (UCD = 'PHOT_JHN_V')
1 - vobsTestMidiCatalog -   vobs - Test  - Extract: Property 'H' [PHOT_JHN_H] found for parameter 'Hmag' (UCD = 'PHOT_JHN_H')
1 - vobsTestMidiCatalog -   vobs - Test  - Extract: Property 'F12' [PHOT_FLUX_IR_12] found for parameter 'Fnu_12' (UCD = 'PHOT_FLUX_IR_12')
1 - vobsTestMidiCatalog -   vobs - Test  - Extract: Property 'e_F12' [PHOT_FLUX_IR_12_ERROR] found for parameter 'Fqual_12' (UCD = 'PHOT_FLUX_IR_12_ERROR')
1 - vobsTestMidiCatalog -   vobs - Test  - Extract: Property 'F12' [PHOT_FLUX_IR_12] found for parameter 'F12' (UCD = 'PHOT_FLUX_IR_12')
1 - vobsTestMidiCatalog -   vobs - Test  - Extract: Property 'e_F12' [PHOT_FLUX_IR_12_ERROR] found for parameter 'e_F12' (UCD = 'PHOT_FLUX_IR_12_ERROR')
1 - vobsTestMidiCatalog -   vobs - Test  - Extract: Property 'MultFlag' [CODE_MULT_FLAG] found for parameter 'Bin_HIP' (UCD = 'CODE_MULT_FLAG')
1 - vobsTestMidiCatalog -   vobs - Test  - Extract: Property 'BinFlag' [CODE_BIN_FLAG] found for parameter 'Var' (UCD = 'CODE_VARIAB')
1 - vobsTestMidiCatalog -   vobs - Test  - Extract: Property 'Calib' [REF_STAR] found for parameter 'Calib' (UCD = 'REF_STAR')
1 - vobsTestMidiCatalog -   vobs - Test  - Extract: Property 'Teff' [PHYS_TEMP_EFFEC] found for parameter 'Teff' (UCD = 'PHYS_TEMP_EFFEC')
1 - vobsTestMidiCatalog -   vobs - Test  - Extract: Property 'e_Teff' [PHYS_TEMP_EFFEC_ERROR] found for parameter 'e_Tef' (UCD = 'PHYS_TEMP_EFFEC_ERROR')
1 - vobsTestMidiCatalog -   vobs - Test  - Extract: Property 'Dia12' [DIAM12] found for parameter 'Diam12' (UCD = 'DIAM12')
1 - vobsTestMidiCatalog -   vobs - Test  - Extract: Property 'e_dia12' [DIAM12_ERROR] found for parameter 'e_Diam12' (UCD = 'DIAM12_ERROR')
1 - vobsTestMidiCatalog -   vobs - Test  - Extract: Property 'A_V' [PHOT_EXTINCTION_TOTAL] found for parameter 'A_V' (UCD = 'PHOT_EXTINCTION_TOTAL')
1 - vobsTestMidiCatalog -   vobs - Test  - Extract: Property 'Chi2' [CHI2_QUALITY] found for parameter 'Chi2' (UCD = 'CHI2_QUALITY')
1 - vobsTestMidiCatalog -   vobs - Test  - Extract: Property 'SpTyp_Teff' [SP_TYP_PHYS_TEMP_EFFEC] found for parameter 'SpTyp_Teff' (UCD = 'SP_TYP_PHYS_TEMP_EFFEC')
1 - vobsTestMidiCatalog -   vobs - Test  - vobsCATALOG_MIDI correctly loaded: 502 stars
1 - vobsTestMidiCatalog -   vobs - Test  - Search area [10.475 - 5.000] (arcmin)
1 - vobsTestMidiCatalog -   vobs - Test  - Criteria 1 on property[POS_EQ_RA_MAIN] with range = 0.087292932
1 - vobsTestMidiCatalog -   vobs - Test  - Criteria 2 on property[POS_EQ_DEC_MAIN] with range = 0.041666667
1 - vobsTestMidiCatalog -   vobs - Test  - Criteria 3 on property[PHOT_FLUX_IR_12] with range = 7.500000000
1 - Number of selected stars = 1
1 - HD 496(2.352667,-45.747417):      2.88277           -           -           -           -           -           -     2.25785    0.111565           -           -           -           -           -         496           -           -           -           -           -           -           -         msx           -           -           -           -           -           -   0.0641508        7.08         3.4           -           -           -           -           -       1.662           -           -           -           -           -     1.84839           -        3.88           -           -           -        4913     1.66839           - -45 44 50.7           -      -0.177           -       0.129           -           - 00 09 24.64           -       23.28        0.98           -       K0III        4534           -           -           -           -           -           -
1 - vobsTestMidiCatalog -   vobs - Info  - Exiting ...
