1 - vobsTestStar -   vobs - Info  - Starting ...
1 - vobsTestStar -   vobs - Info  - vobsSTAR has defined 61 properties.
1 - vobsTestStar -   vobs - Info  - Saving property index XML description: /home/users/bourgesl/MCSDATA/tmp/PropertyIndex_vobsSTAR.xml
1 - HD	HIP	DM	TYC1	TYC2	TYC3	opt	2MASS	AKARI	RAJ2000	DEJ2000	TARGET_ID	jd	pmRa	pmDec	plx	plxFlag	SpType	VarFlag1	VarFlag2	VarFlag3	MultFlag	BinFlag	SBC9	WDS	sep1	sep2	RadVel	RotVel	UDDK	Dia12	B	Bphg	B-V	V	V-Icous	ref_V-Icous	R	Rphg	I	Iphg	Icous	J	Jcous	H	Hcous	K	Kcous	Qflag	L	M	N	S09	F12	S18	orig	Calib	Teff	A_V	Chi2	SpTyp_Teff	
1 - vobsTestStar -   vobs - Test  - ra (deg) = -56.871167
1 - vobsTestStar -   vobs - Test  - dec (deg) = 24.105139
1 - 									-03 47 29.08	24 06 18.5																																																			
1 - vobsTestStar -   vobs - Info  - Exiting ...
