1 - vobsTestStarList -   vobs - Test  - vobsSTAR has defined 66 properties.
1 - vobsTestStarList -   vobs - Test  - Is star list empty? : YES
1 - 
1 - vobsTestStarList -   vobs - Test  - Size of the list = 0
1 - 
1 - vobsTestStarList -   vobs - Test  - Add 5 stars in the list.
1 - 
1 - vobsTestStarList -   vobs - Test  - Is star list empty? : NO
1 - 
1 - vobsTestStarList -   vobs - Test  - Size of the list = 5
1 - 
1 - vobsTestStarList -   vobs - Test  - Save the list into starList.txt.
1 - 
1 - vobsTestStarList -   vobs - Test  - Save the list as VOTable into starList.xml.
1 - 
1 - vobsTestStarList -   vobs - Test  - GetVotable: buffer capacity = 83632 bytes
1 - vobsTestStarList -   vobs - Test  - GetVotable: buffer size = 61645 / 83632 bytes
1 - vobsTestStarList -   vobs - Test  - Clear the list.
1 - 
1 - vobsTestStarList -   vobs - Test  - Size of the list = 0
1 - 
1 - vobsTestStarList -   vobs - Test  - Re-load the list from starList.txt.
1 - 
1 - vobsTestStarList -   vobs - Test  - Extract: Property / Parameter mapping for catalog '':
1 - vobsTestStarList -   vobs - Test  - Extract: Property 'HD' [ID_HD] found for parameter 'HD' (UCD = 'ID_HD')
1 - vobsTestStarList -   vobs - Test  - Extract: Property 'HIP' [ID_HIP] found for parameter 'HIP' (UCD = 'ID_HIP')
1 - vobsTestStarList -   vobs - Test  - Extract: Property 'DM' [ID_DM] found for parameter 'DM' (UCD = 'ID_DM')
1 - vobsTestStarList -   vobs - Test  - Extract: Property 'TYC1' [ID_TYC1] found for parameter 'TYC1' (UCD = 'ID_TYC1')
1 - vobsTestStarList -   vobs - Test  - Extract: Property 'TYC2' [ID_TYC2] found for parameter 'TYC2' (UCD = 'ID_TYC2')
1 - vobsTestStarList -   vobs - Test  - Extract: Property 'TYC3' [ID_TYC3] found for parameter 'TYC3' (UCD = 'ID_TYC3')
1 - vobsTestStarList -   vobs - Test  - Extract: Property 'opt' [ID_CATALOG] found for parameter 'opt' (UCD = 'ID_CATALOG')
1 - vobsTestStarList -   vobs - Test  - Extract: Property '2MASS' [ID_2MASS] found for parameter '2MASS' (UCD = 'ID_2MASS')
1 - vobsTestStarList -   vobs - Test  - Extract: Property 'AKARI' [ID_AKARI] found for parameter 'AKARI' (UCD = 'ID_AKARI')
1 - vobsTestStarList -   vobs - Test  - Extract: Property 'RAJ2000' [POS_EQ_RA_MAIN] found for parameter 'RAJ2000' (UCD = 'POS_EQ_RA_MAIN')
1 - vobsTestStarList -   vobs - Test  - Extract: Property 'DEJ2000' [POS_EQ_DEC_MAIN] found for parameter 'DEJ2000' (UCD = 'POS_EQ_DEC_MAIN')
1 - vobsTestStarList -   vobs - Test  - Extract: Property 'DENIS' [ID_DENIS] found for parameter 'DENIS' (UCD = 'ID_DENIS')
1 - vobsTestStarList -   vobs - Test  - Extract: Property 'A2RAdeg' [POS_EQ_RA_OTHER] found for parameter 'A2RAdeg' (UCD = 'POS_EQ_RA_OTHER')
1 - vobsTestStarList -   vobs - Test  - Extract: Property 'A2DEdeg' [POS_EQ_DEC_OTHER] found for parameter 'A2DEdeg' (UCD = 'POS_EQ_DEC_OTHER')
1 - vobsTestStarList -   vobs - Test  - Extract: Property 'pmRa' [POS_EQ_PMRA] found for parameter 'pmRa' (UCD = 'POS_EQ_PMRA')
1 - vobsTestStarList -   vobs - Test  - Extract: Property 'pmDec' [POS_EQ_PMDEC] found for parameter 'pmDec' (UCD = 'POS_EQ_PMDEC')
1 - vobsTestStarList -   vobs - Test  - Extract: Property 'plx' [POS_PARLX_TRIG] found for parameter 'plx' (UCD = 'POS_PARLX_TRIG')
1 - vobsTestStarList -   vobs - Test  - Extract: Property 'e_Plx' [POS_PARLX_TRIG_ERROR] found for parameter 'e_Plx' (UCD = 'POS_PARLX_TRIG_ERROR')
1 - vobsTestStarList -   vobs - Test  - Extract: Property 'SpType' [SPECT_TYPE_MK] found for parameter 'SpType' (UCD = 'SPECT_TYPE_MK')
1 - vobsTestStarList -   vobs - Test  - Extract: Property 'VarFlag1' [CODE_VARIAB_V1] found for parameter 'VarFlag1' (UCD = 'CODE_VARIAB_V1')
1 - vobsTestStarList -   vobs - Test  - Extract: Property 'VarFlag2' [CODE_VARIAB_V2] found for parameter 'VarFlag2' (UCD = 'CODE_VARIAB_V2')
1 - vobsTestStarList -   vobs - Test  - Extract: Property 'VarFlag3' [VAR_CLASS] found for parameter 'VarFlag3' (UCD = 'VAR_CLASS')
1 - vobsTestStarList -   vobs - Test  - Extract: Property 'MultFlag' [CODE_MULT_FLAG] found for parameter 'MultFlag' (UCD = 'CODE_MULT_FLAG')
1 - vobsTestStarList -   vobs - Test  - Extract: Property 'BinFlag' [CODE_BIN_FLAG] found for parameter 'BinFlag' (UCD = 'CODE_BIN_FLAG')
1 - vobsTestStarList -   vobs - Test  - Extract: Property 'SBC9' [ID_SB9] found for parameter 'SBC9' (UCD = 'ID_SB9')
1 - vobsTestStarList -   vobs - Test  - Extract: Property 'WDS' [ID_WDS] found for parameter 'WDS' (UCD = 'ID_WDS')
1 - vobsTestStarList -   vobs - Test  - Extract: Property 'sep1' [ORBIT_SEPARATION_SEP1] found for parameter 'sep1' (UCD = 'ORBIT_SEPARATION_SEP1')
1 - vobsTestStarList -   vobs - Test  - Extract: Property 'sep2' [ORBIT_SEPARATION_SEP2] found for parameter 'sep2' (UCD = 'ORBIT_SEPARATION_SEP2')
1 - vobsTestStarList -   vobs - Test  - Extract: Property 'Iflag' [CODE_MISC_I] found for parameter 'Iflag' (UCD = 'CODE_MISC_I')
1 - vobsTestStarList -   vobs - Test  - Extract: Property 'Qflag' [CODE_QUALITY] found for parameter 'Qflag' (UCD = 'CODE_QUALITY')
1 - vobsTestStarList -   vobs - Test  - Extract: Property 'GLAT' [POS_GAL_LAT] found for parameter 'GLAT' (UCD = 'POS_GAL_LAT')
1 - vobsTestStarList -   vobs - Test  - Extract: Property 'GLON' [POS_GAL_LON] found for parameter 'GLON' (UCD = 'POS_GAL_LON')
1 - vobsTestStarList -   vobs - Test  - Extract: Property 'RadVel' [VELOC_HC] found for parameter 'RadVel' (UCD = 'VELOC_HC')
1 - vobsTestStarList -   vobs - Test  - Extract: Property 'RotVel' [VELOC_ROTAT] found for parameter 'RotVel' (UCD = 'VELOC_ROTAT')
1 - vobsTestStarList -   vobs - Test  - Extract: Property 'UDDK' [UDDK_DIAM] found for parameter 'UDDK' (UCD = 'UDDK_DIAM')
1 - vobsTestStarList -   vobs - Test  - Extract: Property 'e_UDDK' [UDDK_DIAM_ERROR] found for parameter 'e_UDDK' (UCD = 'UDDK_DIAM_ERROR')
1 - vobsTestStarList -   vobs - Test  - Extract: Property 'Dia12' [DIAM12] found for parameter 'Dia12' (UCD = 'DIAM12')
1 - vobsTestStarList -   vobs - Test  - Extract: Property 'e_dia12' [DIAM12_ERROR] found for parameter 'e_dia12' (UCD = 'DIAM12_ERROR')
1 - vobsTestStarList -   vobs - Test  - Extract: Property 'B' [PHOT_JHN_B] found for parameter 'B' (UCD = 'PHOT_JHN_B')
1 - vobsTestStarList -   vobs - Test  - Extract: Property 'Bphg' [PHOT_PHG_B] found for parameter 'Bphg' (UCD = 'PHOT_PHG_B')
1 - vobsTestStarList -   vobs - Test  - Extract: Property 'V' [PHOT_JHN_V] found for parameter 'V' (UCD = 'PHOT_JHN_V')
1 - vobsTestStarList -   vobs - Test  - Extract: Property 'Vphg' [PHOT_PHG_V] found for parameter 'Vphg' (UCD = 'PHOT_PHG_V')
1 - vobsTestStarList -   vobs - Test  - Extract: Property 'R' [PHOT_JHN_R] found for parameter 'R' (UCD = 'PHOT_JHN_R')
1 - vobsTestStarList -   vobs - Test  - Extract: Property 'Rphg' [PHOT_PHG_R] found for parameter 'Rphg' (UCD = 'PHOT_PHG_R')
1 - vobsTestStarList -   vobs - Test  - Extract: Property 'I' [PHOT_JHN_I] found for parameter 'I' (UCD = 'PHOT_JHN_I')
1 - vobsTestStarList -   vobs - Test  - Extract: Property 'Iphg' [PHOT_PHG_I] found for parameter 'Iphg' (UCD = 'PHOT_PHG_I')
1 - vobsTestStarList -   vobs - Test  - Extract: Property 'Icous' [PHOT_COUS_I] found for parameter 'Icous' (UCD = 'PHOT_COUS_I')
1 - vobsTestStarList -   vobs - Test  - Extract: Property 'J' [PHOT_JHN_J] found for parameter 'J' (UCD = 'PHOT_JHN_J')
1 - vobsTestStarList -   vobs - Test  - Extract: Property 'H' [PHOT_JHN_H] found for parameter 'H' (UCD = 'PHOT_JHN_H')
1 - vobsTestStarList -   vobs - Test  - Extract: Property 'K' [PHOT_JHN_K] found for parameter 'K' (UCD = 'PHOT_JHN_K')
1 - vobsTestStarList -   vobs - Test  - Extract: Property 'L' [PHOT_JHN_L] found for parameter 'L' (UCD = 'PHOT_JHN_L')
1 - vobsTestStarList -   vobs - Test  - Extract: Property 'M' [PHOT_JHN_M] found for parameter 'M' (UCD = 'PHOT_JHN_M')
1 - vobsTestStarList -   vobs - Test  - Extract: Property 'N' [PHOT_JHN_N] found for parameter 'N' (UCD = 'PHOT_JHN_N')
1 - vobsTestStarList -   vobs - Test  - Extract: Property 'orig' [IR_FLUX_ORIGIN] found for parameter 'orig' (UCD = 'IR_FLUX_ORIGIN')
1 - vobsTestStarList -   vobs - Test  - Extract: Property 'S09' [PHOT_FLUX_IR_9] found for parameter 'S09' (UCD = 'PHOT_FLUX_IR_9')
1 - vobsTestStarList -   vobs - Test  - Extract: Property 'e_S09' [PHOT_FLUX_IR_9_ERROR] found for parameter 'e_S09' (UCD = 'PHOT_FLUX_IR_9_ERROR')
1 - vobsTestStarList -   vobs - Test  - Extract: Property 'F12' [PHOT_FLUX_IR_12] found for parameter 'F12' (UCD = 'PHOT_FLUX_IR_12')
1 - vobsTestStarList -   vobs - Test  - Extract: Property 'e_F12' [PHOT_FLUX_IR_12_ERROR] found for parameter 'e_F12' (UCD = 'PHOT_FLUX_IR_12_ERROR')
1 - vobsTestStarList -   vobs - Test  - Extract: Property 'S18' [PHOT_FLUX_IR_18] found for parameter 'S18' (UCD = 'PHOT_FLUX_IR_18')
1 - vobsTestStarList -   vobs - Test  - Extract: Property 'e_S18' [PHOT_FLUX_IR_18_ERROR] found for parameter 'e_S18' (UCD = 'PHOT_FLUX_IR_18_ERROR')
1 - vobsTestStarList -   vobs - Test  - Extract: Property 'Calib' [REF_STAR] found for parameter 'Calib' (UCD = 'REF_STAR')
1 - vobsTestStarList -   vobs - Test  - Extract: Property 'Teff' [PHYS_TEMP_EFFEC] found for parameter 'Teff' (UCD = 'PHYS_TEMP_EFFEC')
1 - vobsTestStarList -   vobs - Test  - Extract: Property 'e_Teff' [PHYS_TEMP_EFFEC_ERROR] found for parameter 'e_Teff' (UCD = 'PHYS_TEMP_EFFEC_ERROR')
1 - vobsTestStarList -   vobs - Test  - Extract: Property 'A_V' [PHOT_EXTINCTION_TOTAL] found for parameter 'A_V' (UCD = 'PHOT_EXTINCTION_TOTAL')
1 - vobsTestStarList -   vobs - Test  - Extract: Property 'Chi2' [CHI2_QUALITY] found for parameter 'Chi2' (UCD = 'CHI2_QUALITY')
1 - vobsTestStarList -   vobs - Test  - Extract: Property 'SpTyp_Teff' [SP_TYP_PHYS_TEMP_EFFEC] found for parameter 'SpTyp_Teff' (UCD = 'SP_TYP_PHYS_TEMP_EFFEC')
1 - vobsTestStarList -   vobs - Test  - Size of the list = 5
1 - 
1 - vobsTestStarList -   vobs - Test  - Display the list.
1 - 
1 - HD 1(-172.486250,4.500917):            -           -           -           -           -           -           -           -           -           -           -           -           -           -           1           -           -           -           -           -           -           -           -           -           -           -           -           -           -           -           -           -           -           -           -           -           -           -           -           -           -           -           -           -           -           -           -           -   04 30 3.3           -           -           -   12 30 3.3           -           -           -           -           -           -           -           -           -           -           -           -           -
1 - HD 2(-172.473750,4.501750):            -           -           -           -           -           -           -           -           -           -           -           -           -           -           2           -           -           -           -           -           -           -           -           -           -           -           -           -           -           -           -           -           -           -           -           -           -           -           -           -           -           -           -           -           -           -           -           -   04 30 6.3           -           -           -   12 30 6.3           -           -           -           -           -           -           -           -           -           -           -           -           -
1 - HD 3(-172.461250,4.502583):            -           -           -           -           -           -           -           -           -           -           -           -           -           -           3           -           -           -           -           -           -           -           -           -           -           -           -           -           -           -           -           -           -           -           -           -           -           -           -           -           -           -           -           -           -           -           -           -   04 30 9.3           -           -           -   12 30 9.3           -           -           -           -           -           -           -           -           -           -           -           -           -
1 - HD 4(-172.448750,4.503417):            -           -           -           -           -           -           -           -           -           -           -           -           -           -           4           -           -           -           -           -           -           -           -           -           -           -           -           -           -           -           -           -           -           -           -           -           -           -           -           -           -           -           -           -           -           -           -           -  04 30 12.3           -           -           -  12 30 12.3           -           -           -           -           -           -           -           -           -           -           -           -           -
1 - HD 5(-172.436250,4.504250):            -           -           -           -           -           -           -           -           -           -           -           -           -           -           5           -           -           -           -           -           -           -           -           -           -           -           -           -           -           -           -           -           -           -           -           -           -           -           -           -           -           -           -           -           -           -           -           -  04 30 15.3           -           -           -  12 30 15.3           -           -           -           -           -           -           -           -           -           -           -           -           -
1 - 
1 - vobsTestStarList -   vobs - Test  - Sort list by DEC
1 - 
1 - vobsTestStarList -   vobs - Info  - Sort: start
1 - vobsTestStarList -   vobs - Info  - Sort: done.
1 - vobsTestStarList -   vobs - Test  - Display the list.
1 - 
1 - HD 1(-172.486250,4.500917):            -           -           -           -           -           -           -           -           -           -           -           -           -           -           1           -           -           -           -           -           -           -           -           -           -           -           -           -           -           -           -           -           -           -           -           -           -           -           -           -           -           -           -           -           -           -           -           -   04 30 3.3           -           -           -   12 30 3.3           -           -           -           -           -           -           -           -           -           -           -           -           -
1 - HD 2(-172.473750,4.501750):            -           -           -           -           -           -           -           -           -           -           -           -           -           -           2           -           -           -           -           -           -           -           -           -           -           -           -           -           -           -           -           -           -           -           -           -           -           -           -           -           -           -           -           -           -           -           -           -   04 30 6.3           -           -           -   12 30 6.3           -           -           -           -           -           -           -           -           -           -           -           -           -
1 - HD 3(-172.461250,4.502583):            -           -           -           -           -           -           -           -           -           -           -           -           -           -           3           -           -           -           -           -           -           -           -           -           -           -           -           -           -           -           -           -           -           -           -           -           -           -           -           -           -           -           -           -           -           -           -           -   04 30 9.3           -           -           -   12 30 9.3           -           -           -           -           -           -           -           -           -           -           -           -           -
1 - HD 4(-172.448750,4.503417):            -           -           -           -           -           -           -           -           -           -           -           -           -           -           4           -           -           -           -           -           -           -           -           -           -           -           -           -           -           -           -           -           -           -           -           -           -           -           -           -           -           -           -           -           -           -           -           -  04 30 12.3           -           -           -  12 30 12.3           -           -           -           -           -           -           -           -           -           -           -           -           -
1 - HD 5(-172.436250,4.504250):            -           -           -           -           -           -           -           -           -           -           -           -           -           -           5           -           -           -           -           -           -           -           -           -           -           -           -           -           -           -           -           -           -           -           -           -           -           -           -           -           -           -           -           -           -           -           -           -  04 30 15.3           -           -           -  12 30 15.3           -           -           -           -           -           -           -           -           -           -           -           -           -
1 - 
1 - vobsTestStarList -   vobs - Test  - Display all elements, one by one, of the list
1 - 
1 - vobsTestStarList -   vobs - Test  - and delete first element of the list.
1 - 
1 - HD 1(-172.486250,4.500917):            -           -           -           -           -           -           -           -           -           -           -           -           -           -           1           -           -           -           -           -           -           -           -           -           -           -           -           -           -           -           -           -           -           -           -           -           -           -           -           -           -           -           -           -           -           -           -           -   04 30 3.3           -           -           -   12 30 3.3           -           -           -           -           -           -           -           -           -           -           -           -           -
1 - HD 2(-172.473750,4.501750):            -           -           -           -           -           -           -           -           -           -           -           -           -           -           2           -           -           -           -           -           -           -           -           -           -           -           -           -           -           -           -           -           -           -           -           -           -           -           -           -           -           -           -           -           -           -           -           -   04 30 6.3           -           -           -   12 30 6.3           -           -           -           -           -           -           -           -           -           -           -           -           -
1 - HD 3(-172.461250,4.502583):            -           -           -           -           -           -           -           -           -           -           -           -           -           -           3           -           -           -           -           -           -           -           -           -           -           -           -           -           -           -           -           -           -           -           -           -           -           -           -           -           -           -           -           -           -           -           -           -   04 30 9.3           -           -           -   12 30 9.3           -           -           -           -           -           -           -           -           -           -           -           -           -
1 - HD 4(-172.448750,4.503417):            -           -           -           -           -           -           -           -           -           -           -           -           -           -           4           -           -           -           -           -           -           -           -           -           -           -           -           -           -           -           -           -           -           -           -           -           -           -           -           -           -           -           -           -           -           -           -           -  04 30 12.3           -           -           -  12 30 12.3           -           -           -           -           -           -           -           -           -           -           -           -           -
1 - vobsTestStarList -   vobs - Test  - Display first element of the list.
1 - 
1 - HD 2(-172.473750,4.501750):            -           -           -           -           -           -           -           -           -           -           -           -           -           -           2           -           -           -           -           -           -           -           -           -           -           -           -           -           -           -           -           -           -           -           -           -           -           -           -           -           -           -           -           -           -           -           -           -   04 30 6.3           -           -           -   12 30 6.3           -           -           -           -           -           -           -           -           -           -           -           -           -
1 - vobsTestStarList -   vobs - Test  - Merge list.
1 - 
1 - vobsTestStarList -   vobs - Test  - Merge: list [4 stars] WITHOUT criteria - input list [4 stars]; duplicated stars can occur !
1 - vobsTestStarList -   vobs - Test  - Merge: done = 0 stars added / 4 found / 0 updated / 0 skipped.
1 - vobsTestStarList -   vobs - Test  - Remove star 2.
1 - 
1 - vobsTestStarList -   vobs - Test  - Display the list.
1 - 
1 - HD 3(-172.461250,4.502583):            -           -           -           -           -           -           -           -           -           -           -           -           -           -           3           -           -           -           -           -           -           -           -           -           -           -           -           -           -           -           -           -           -           -           -           -           -           -           -           -           -           -           -           -           -           -           -           -   04 30 9.3           -           -           -   12 30 9.3           -           -           -           -           -           -           -           -           -           -           -           -           -
1 - HD 4(-172.448750,4.503417):            -           -           -           -           -           -           -           -           -           -           -           -           -           -           4           -           -           -           -           -           -           -           -           -           -           -           -           -           -           -           -           -           -           -           -           -           -           -           -           -           -           -           -           -           -           -           -           -  04 30 12.3           -           -           -  12 30 12.3           -           -           -           -           -           -           -           -           -           -           -           -           -
1 - HD 5(-172.436250,4.504250):            -           -           -           -           -           -           -           -           -           -           -           -           -           -           5           -           -           -           -           -           -           -           -           -           -           -           -           -           -           -           -           -           -           -           -           -           -           -           -           -           -           -           -           -           -           -           -           -  04 30 15.3           -           -           -  12 30 15.3           -           -           -           -           -           -           -           -           -           -           -           -           -
1 - 
1 - vobsTestStarList -   vobs - Test  - Clear the list.
1 - 
1 - vobsTestStarList -   vobs - Test  - Is star list empty? : YES
1 - 
