1 - vobsTestMidiCatalog - vobs - 2011-02-25T15:17:28.056944 - vobsTestMidiCatalog.cpp:107 - Starting...
1 - vobsTestMidiCatalog - vobs - 2011-02-25T15:17:28.063815 - vobsREQUEST.cpp:580 - object name      = ETA TAU
1 - vobsTestMidiCatalog - vobs - 2011-02-25T15:17:28.063848 - vobsREQUEST.cpp:581 - object ra        = 00:09:24.64
1 - vobsTestMidiCatalog - vobs - 2011-02-25T15:17:28.063878 - vobsREQUEST.cpp:582 - object dec       = -45:44:50.7
1 - vobsTestMidiCatalog - vobs - 2011-02-25T15:17:28.063907 - vobsREQUEST.cpp:583 - object magnitude = 2.500000
1 - vobsTestMidiCatalog - vobs - 2011-02-25T15:17:28.063937 - vobsREQUEST.cpp:584 - search band      = N
1 - vobsTestMidiCatalog - vobs - 2011-02-25T15:17:28.063965 - vobsREQUEST.cpp:585 - delta ra         = 15.000000
1 - vobsTestMidiCatalog - vobs - 2011-02-25T15:17:28.063996 - vobsREQUEST.cpp:586 - delta dec        = 5.000000
1 - vobsTestMidiCatalog - vobs - 2011-02-25T15:17:28.064032 - vobsREQUEST.cpp:587 - min mag range    = 0.050000
1 - vobsTestMidiCatalog - vobs - 2011-02-25T15:17:28.064058 - vobsREQUEST.cpp:588 - max mag range    = 0.200000
1 - vobsTestMidiCatalog - vobs - 2011-02-25T15:17:30.337393 - vobsCATALOG_MIDI.cpp:157 - Catalog is correctly loaded in a star list
1 - vobsTestMidiCatalog - vobs - 2011-02-25T15:17:30.340313 - vobsREQUEST.cpp:447 - Search area [10.475 - 5.000]
1 - Number of selected stars = 1
1 - HD 496(2.352667,-45.747417):      2.88277           -           -           -           -           -           -           -           -     2.25785    0.111565           -           -           -           -         496           -           -           -           -           -           -           -           -         msx           -           -           -           -           -           -   0.0641508        7.08         3.4           -           -       1.662           -           -           -           -           -     1.84839           -        3.88           -           -           -           -        4913     1.66839 -45 44 50.7           -      -0.177       0.129 00 09 24.64           -           -           -       23.28        0.98           -           -       K0III        4534           -           -           -           -           -           -           -           -
1 - 
1 - vobsTestMidiCatalog - vobs - 2011-02-25T15:17:30.405129 - vobsTestMidiCatalog.cpp:149 - Exiting ...
