1 - vobsTestCatalogList -   vobs - Info  - Starting ...
1 - vobsTestCatalogList -   vobs - Info  - vobsSTAR has defined 61 properties.
1 - vobsTestCatalogList -   vobs - Info  - Saving property index XML description: /home/users/bourgesl/MCSDATA/tmp/PropertyIndex_vobsSTAR.xml
1 - vobsTestCatalogList -   vobs - Test  - Creation of the catalog list...
1 - vobsTestCatalogList -   vobs - Info  - Saving catalog meta XML description: /home/users/bourgesl/MCSDATA/tmp/CatalogMeta.xml
1 - vobsTestCatalogList -   vobs - Test  - 	Done.
1 - vobsTestCatalogList -   vobs - Test  - The catalog list is a static class. At its creation, all existing catalog are put in it. Normally, it is possible to retreive a specific catalog
1 - vobsTestCatalogList -   vobs - Test  - Get catalog I/280...
1 - vobsTestCatalogList -   vobs - Test  - 	Done.
1 - vobsTestCatalogList -   vobs - Test  - in the catalog list is present the catalog I/280
1 - vobsTestCatalogList -   vobs - Info  - Exiting ...
