1 - vobsTestCatalogList - vobs - 2011-02-25T15:17:27.922208 - vobsTestCatalogList.cpp:85 - Starting ...
1 - vobsTestCatalogList - vobs - 2011-02-25T15:17:27.922960 - vobsTestCatalogList.cpp:87 - Creation of the catalog list...
1 - vobsTestCatalogList - vobs - 2011-02-25T15:17:27.923084 - vobsTestCatalogList.cpp:89 - 	Done.
1 - vobsTestCatalogList - vobs - 2011-02-25T15:17:27.923097 - vobsTestCatalogList.cpp:91 - The catalog list is a static class. At its creation, all existing catalog are put in it. Normally, it is possible to retreive a specific catalog
1 - vobsTestCatalogList - vobs - 2011-02-25T15:17:27.923106 - vobsTestCatalogList.cpp:92 - Get catalog I/280...
1 - vobsTestCatalogList - vobs - 2011-02-25T15:17:27.923134 - vobsTestCatalogList.cpp:94 - 	Done.
1 - vobsTestCatalogList - vobs - 2011-02-25T15:17:27.923147 - vobsTestCatalogList.cpp:96 - in the catalog list is present the catalog I/280
1 - vobsTestCatalogList - vobs - 2011-02-25T15:17:27.923155 - vobsTestCatalogList.cpp:98 - Exiting ...
