1 - vobsTestCriteria - vobs - Info - Starting ...
1 - vobsTestCriteria - vobs - Test - we added a comparaison criteria 'ra' and a range of '0.1'
1 - vobsTestCriteria - vobs - Test - we added a comparaison criteria 'dec' and a range of '0.2'
1 - vobsTestCriteria - vobs - Test - we added a comparaison criteria 'mgK' and a range of '0.0'
1 - vobsTestCriteria - vobs - Test - size of the criteria list created = 3
1 - vobsTestCriteria - vobs - Test - POS_EQ_RA_MAIN = 0.1
1 - vobsTestCriteria - vobs - Test - POS_EQ_DEC_MAIN = 0.1
1 - vobsTestCriteria - vobs - Test - PHOT_JHN_K = 0.0
1 - vobsTestCriteria - vobs - Test - POS_EQ_RA_MAIN = 0.1
1 - vobsTestCriteria - vobs - Test - POS_EQ_DEC_MAIN = 0.1
1 - vobsTestCriteria - vobs - Info - Elapsed time in execution of 'testCriteria' 00:00:00.000
1 - vobsTestCriteria - vobs - Test - star1 equal star2
1 - vobsTestCriteria - vobs - Info - Exiting ...
