1 - vobsTestStarProperty -   vobs - Info  - Starting ...
1 - FLOAT --- value = '1.23457' == '1.23457' (original value), delta = '0'.
1 - FLOAT --- Sumary : vobsSTAR_PROPERTY(Id = 'UDDK_DIAM'; Name = 'UDDK'; Value = '1.23457'; Numerical = '1.23457'; Unit = '-'; Type = 'FLOAT', Origin = 'Float Test'; Confidence = 'LOW'; Desc = ''; Link = '')
1 - 
1 - FLOAT --- value = '9.87654e+08' == '9.87654e+08' (original value), delta = '0'.
1 - FLOAT --- Sumary : vobsSTAR_PROPERTY(Id = 'UDDK_DIAM'; Name = 'UDDK'; Value = '9.87654e+08'; Numerical = '9.87654e+08'; Unit = '-'; Type = 'FLOAT', Origin = 'Float Test'; Confidence = 'LOW'; Desc = ''; Link = '')
1 - 
1 - FLOAT --- value = '1.23e-06' == '1.23e-06' (original value), delta = '0'.
1 - FLOAT --- Sumary : vobsSTAR_PROPERTY(Id = 'UDDK_DIAM'; Name = 'UDDK'; Value = '1.23e-06'; Numerical = '1.23e-06'; Unit = '-'; Type = 'FLOAT', Origin = 'Float Test'; Confidence = 'LOW'; Desc = ''; Link = '')
1 - 
1 - 
1 - 
1 - STRING --- value = '1.23457' == '1.234567890123456789' (original value), delta = '0'.
1 - STRING --- Sumary : vobsSTAR_PROPERTY(Id = 'UDDK_DIAM'; Name = 'UDDK'; Value = '1.23457'; Numerical = '1.23457'; Unit = '-'; Type = 'FLOAT', Origin = 'String Test'; Confidence = 'LOW'; Desc = ''; Link = '')
1 - 
1 - STRING --- value = '9.87654e+08' == '987654321.123456789' (original value), delta = '0'.
1 - STRING --- Sumary : vobsSTAR_PROPERTY(Id = 'UDDK_DIAM'; Name = 'UDDK'; Value = '9.87654e+08'; Numerical = '9.87654e+08'; Unit = '-'; Type = 'FLOAT', Origin = 'String Test'; Confidence = 'LOW'; Desc = ''; Link = '')
1 - 
1 - STRING --- value = '1.23e-06' == '0.00000123' (original value), delta = '0'.
1 - STRING --- Sumary : vobsSTAR_PROPERTY(Id = 'UDDK_DIAM'; Name = 'UDDK'; Value = '1.23e-06'; Numerical = '1.23e-06'; Unit = '-'; Type = 'FLOAT', Origin = 'String Test'; Confidence = 'LOW'; Desc = ''; Link = '')
1 - 
1 - vobsTestStarProperty -   vobs - Info  - Exiting ...
