1 - vobsTestCriteria - vobs - 2011-02-25T15:17:27.946059 - vobsTestCriteria.cpp:86 - Starting ...
1 - vobsTestCriteria - vobs - 2011-02-25T15:17:27.946837 - vobsTestCriteria.cpp:92 - we added a comparaison criteria 'ra' and a range of '0.1'
1 - vobsTestCriteria - vobs - 2011-02-25T15:17:27.949876 - vobsTestCriteria.cpp:94 - we added a comparaison criteria 'dec' and a range of '0.2'
1 - vobsTestCriteria - vobs - 2011-02-25T15:17:27.952618 - vobsTestCriteria.cpp:96 - we added a comparaison criteria 'mgK' and a range of '0.0'
1 - vobsTestCriteria - vobs - 2011-02-25T15:17:27.955356 - vobsTestCriteria.cpp:103 - size of the criteria list created = 3
1 - vobsTestCriteria - vobs - 2011-02-25T15:17:27.955379 - vobsTestCriteria.cpp:109 - POS_EQ_RA_MAIN = 0.1
1 - vobsTestCriteria - vobs - 2011-02-25T15:17:27.955397 - vobsTestCriteria.cpp:109 - POS_EQ_DEC_MAIN = 0.1
1 - vobsTestCriteria - vobs - 2011-02-25T15:17:27.955409 - vobsTestCriteria.cpp:109 - PHOT_JHN_K = 0.0
1 - vobsTestCriteria - vobs - 2011-02-25T15:17:27.958150 - vobsTestCriteria.cpp:119 - POS_EQ_RA_MAIN = 0.1
1 - vobsTestCriteria - vobs - 2011-02-25T15:17:27.958175 - vobsTestCriteria.cpp:119 - POS_EQ_DEC_MAIN = 0.1
1 - vobsTestCriteria - vobs - 2011-02-25T15:17:27.958207 - 73 - Elapsed time in execution of 'testCriteria' 00:00:00.011
1 - vobsTestCriteria - vobs - 2011-02-25T15:17:27.963894 - vobsTestCriteria.cpp:138 - star1 equal star2
1 - vobsTestCriteria - vobs - 2011-02-25T15:17:27.963909 - vobsTestCriteria.cpp:142 - Exiting ...
